Component: Arm Compiler for Embedded 6.22 Tool: armlink [5ee90200]

==============================================================================

Section Cross References

    startup_stm32f446xx.o(STACK) refers (Special) to heapauxi.o(.text) for __use_two_region_memory
    startup_stm32f446xx.o(HEAP) refers (Special) to heapauxi.o(.text) for __use_two_region_memory
    startup_stm32f446xx.o(RESET) refers (Special) to heapauxi.o(.text) for __use_two_region_memory
    startup_stm32f446xx.o(RESET) refers to startup_stm32f446xx.o(STACK) for __initial_sp
    startup_stm32f446xx.o(RESET) refers to startup_stm32f446xx.o(.text) for Reset_Handler
    startup_stm32f446xx.o(RESET) refers to stm32f4xx_it.o(.text.NMI_Handler) for NMI_Handler
    startup_stm32f446xx.o(RESET) refers to stm32f4xx_it.o(.text.HardFault_Handler) for HardFault_Handler
    startup_stm32f446xx.o(RESET) refers to stm32f4xx_it.o(.text.MemManage_Handler) for MemManage_Handler
    startup_stm32f446xx.o(RESET) refers to stm32f4xx_it.o(.text.BusFault_Handler) for BusFault_Handler
    startup_stm32f446xx.o(RESET) refers to stm32f4xx_it.o(.text.UsageFault_Handler) for UsageFault_Handler
    startup_stm32f446xx.o(RESET) refers to stm32f4xx_it.o(.text.SVC_Handler) for SVC_Handler
    startup_stm32f446xx.o(RESET) refers to stm32f4xx_it.o(.text.DebugMon_Handler) for DebugMon_Handler
    startup_stm32f446xx.o(RESET) refers to stm32f4xx_it.o(.text.PendSV_Handler) for PendSV_Handler
    startup_stm32f446xx.o(RESET) refers to stm32f4xx_it.o(.text.SysTick_Handler) for SysTick_Handler
    startup_stm32f446xx.o(RESET) refers to stm32f4xx_it.o(.text.CAN1_RX0_IRQHandler) for CAN1_RX0_IRQHandler
    startup_stm32f446xx.o(RESET) refers to stm32f4xx_it.o(.text.CAN1_RX1_IRQHandler) for CAN1_RX1_IRQHandler
    startup_stm32f446xx.o(RESET) refers to stm32f4xx_it.o(.text.UART4_IRQHandler) for UART4_IRQHandler
    startup_stm32f446xx.o(RESET) refers to stm32f4xx_it.o(.text.CAN2_RX0_IRQHandler) for CAN2_RX0_IRQHandler
    startup_stm32f446xx.o(RESET) refers to stm32f4xx_it.o(.text.CAN2_RX1_IRQHandler) for CAN2_RX1_IRQHandler
    startup_stm32f446xx.o(.text) refers (Special) to heapauxi.o(.text) for __use_two_region_memory
    startup_stm32f446xx.o(.text) refers to system_stm32f4xx.o(.text.SystemInit) for SystemInit
    startup_stm32f446xx.o(.text) refers to __main.o(!!!main) for __main
    startup_stm32f446xx.o(.text) refers to startup_stm32f446xx.o(HEAP) for Heap_Mem
    startup_stm32f446xx.o(.text) refers to startup_stm32f446xx.o(STACK) for Stack_Mem
    main.o(.text.Joystick_Data) refers to main.o(.bss..L_MergedGlobals.2) for .L_MergedGlobals.2
    main.o(.text.Joystick_Data) refers to main.o(.bss..L_MergedGlobals.1) for .L_MergedGlobals.1
    main.o(.ARM.exidx.text.Joystick_Data) refers to main.o(.text.Joystick_Data) for [Anonymous Symbol]
    main.o(.text.float16_to_decimal) refers to dflt_clz.o(x$fpl$dfltu) for __aeabi_ui2d
    main.o(.text.float16_to_decimal) refers to pow.o(i.__hardfp_pow) for __hardfp_pow
    main.o(.text.float16_to_decimal) refers to dmul.o(x$fpl$dmul) for __aeabi_dmul
    main.o(.text.float16_to_decimal) refers to daddsub_clz.o(x$fpl$dadd) for __aeabi_dadd
    main.o(.text.float16_to_decimal) refers to ldexp.o(i.__hardfp_ldexp) for __hardfp_ldexp
    main.o(.text.float16_to_decimal) refers to d2f.o(x$fpl$d2f) for __aeabi_d2f
    main.o(.ARM.exidx.text.float16_to_decimal) refers to main.o(.text.float16_to_decimal) for [Anonymous Symbol]
    main.o(.text.HAL_CAN_RxFifo0MsgPendingCallback) refers to main.o(.bss..L_MergedGlobals.2) for .L_MergedGlobals.2
    main.o(.text.HAL_CAN_RxFifo0MsgPendingCallback) refers to stm32f4xx_hal_can.o(.text.HAL_CAN_GetRxMessage) for HAL_CAN_GetRxMessage
    main.o(.text.HAL_CAN_RxFifo0MsgPendingCallback) refers to main.o(.bss..L_MergedGlobals.1) for .L_MergedGlobals.1
    main.o(.text.HAL_CAN_RxFifo0MsgPendingCallback) refers to main.o(.bss..L_MergedGlobals.3) for .L_MergedGlobals.3
    main.o(.text.HAL_CAN_RxFifo0MsgPendingCallback) refers to dflt_clz.o(x$fpl$dfltu) for __aeabi_ui2d
    main.o(.text.HAL_CAN_RxFifo0MsgPendingCallback) refers to pow.o(i.__hardfp_pow) for __hardfp_pow
    main.o(.text.HAL_CAN_RxFifo0MsgPendingCallback) refers to dmul.o(x$fpl$dmul) for __aeabi_dmul
    main.o(.text.HAL_CAN_RxFifo0MsgPendingCallback) refers to daddsub_clz.o(x$fpl$dadd) for __aeabi_dadd
    main.o(.text.HAL_CAN_RxFifo0MsgPendingCallback) refers to ldexp.o(i.__hardfp_ldexp) for __hardfp_ldexp
    main.o(.text.HAL_CAN_RxFifo0MsgPendingCallback) refers to d2f.o(x$fpl$d2f) for __aeabi_d2f
    main.o(.ARM.exidx.text.HAL_CAN_RxFifo0MsgPendingCallback) refers to main.o(.text.HAL_CAN_RxFifo0MsgPendingCallback) for [Anonymous Symbol]
    main.o(.text.HAL_UART_RxCpltCallback) refers to main.o(.bss..L_MergedGlobals.2) for .L_MergedGlobals.2
    main.o(.text.HAL_UART_RxCpltCallback) refers to main.o(.bss.huart4) for huart4
[...]
    .ARM.Collect$$libinit$$0000000C          0x0800026a   Section        0  libinit2.o(.ARM.Collect$$libinit$$0000000C)
    .ARM.Collect$$libinit$$0000000E          0x0800026a   Section        0  libinit2.o(.ARM.Collect$$libinit$$0000000E)
    .ARM.Collect$$libinit$$00000010          0x0800026a   Section        0  libinit2.o(.ARM.Collect$$libinit$$00000010)
    .ARM.Collect$$libinit$$00000013          0x0800026a   Section        0  libinit2.o(.ARM.Collect$$libinit$$00000013)
    .ARM.Collect$$libinit$$00000015          0x0800026a   Section        0  libinit2.o(.ARM.Collect$$libinit$$00000015)
    .ARM.Collect$$libinit$$00000017          0x0800026a   Section        0  libinit2.o(.ARM.Collect$$libinit$$00000017)
    .ARM.Collect$$libinit$$00000019          0x0800026a   Section        0  libinit2.o(.ARM.Collect$$libinit$$00000019)
    .ARM.Collect$$libinit$$0000001B          0x0800026a   Section        0  libinit2.o(.ARM.Collect$$libinit$$0000001B)
    .ARM.Collect$$libinit$$0000001D          0x0800026a   Section        0  libinit2.o(.ARM.Collect$$libinit$$0000001D)
    .ARM.Collect$$libinit$$0000001F          0x0800026a   Section        0  libinit2.o(.ARM.Collect$$libinit$$0000001F)
    .ARM.Collect$$libinit$$00000021          0x0800026a   Section        0  libinit2.o(.ARM.Collect$$libinit$$00000021)
    .ARM.Collect$$libinit$$00000023          0x0800026a   Section        0  libinit2.o(.ARM.Collect$$libinit$$00000023)
    .ARM.Collect$$libinit$$00000025          0x0800026a   Section        0  libinit2.o(.ARM.Collect$$libinit$$00000025)
    .ARM.Collect$$libinit$$00000027          0x0800026a   Section        0  libinit2.o(.ARM.Collect$$libinit$$00000027)
    .ARM.Collect$$libinit$$0000002E          0x0800026a   Section        0  libinit2.o(.ARM.Collect$$libinit$$0000002E)
    .ARM.Collect$$libinit$$00000030          0x0800026a   Section        0  libinit2.o(.ARM.Collect$$libinit$$00000030)
    .ARM.Collect$$libinit$$00000032          0x0800026a   Section        0  libinit2.o(.ARM.Collect$$libinit$$00000032)
    .ARM.Collect$$libinit$$00000034          0x0800026a   Section        0  libinit2.o(.ARM.Collect$$libinit$$00000034)
    .ARM.Collect$$libinit$$00000035          0x0800026a   Section        2  libinit2.o(.ARM.Collect$$libinit$$00000035)
    .ARM.Collect$$libshutdown$$00000000      0x0800026c   Section        2  libshutdown.o(.ARM.Collect$$libshutdown$$00000000)
    .ARM.Collect$$libshutdown$$00000002      0x0800026e   Section        0  libshutdown2.o(.ARM.Collect$$libshutdown$$00000002)
    .ARM.Collect$$libshutdown$$00000004      0x0800026e   Section        0  libshutdown2.o(.ARM.Collect$$libshutdown$$00000004)
    .ARM.Collect$$libshutdown$$00000007      0x0800026e   Section        0  libshutdown2.o(.ARM.Collect$$libshutdown$$00000007)
    .ARM.Collect$$libshutdown$$0000000A      0x0800026e   Section        0  libshutdown2.o(.ARM.Collect$$libshutdown$$0000000A)
    .ARM.Collect$$libshutdown$$0000000C      0x0800026e   Section        0  libshutdown2.o(.ARM.Collect$$libshutdown$$0000000C)
    .ARM.Collect$$libshutdown$$0000000F      0x0800026e   Section        0  libshutdown2.o(.ARM.Collect$$libshutdown$$0000000F)
    .ARM.Collect$$libshutdown$$00000010      0x0800026e   Section        2  libshutdown2.o(.ARM.Collect$$libshutdown$$00000010)
    .ARM.Collect$$rtentry$$00000000          0x08000270   Section        0  __rtentry.o(.ARM.Collect$$rtentry$$00000000)
    .ARM.Collect$$rtentry$$00000002          0x08000270   Section        0  __rtentry2.o(.ARM.Collect$$rtentry$$00000002)
    .ARM.Collect$$rtentry$$00000004          0x08000270   Section        6  __rtentry4.o(.ARM.Collect$$rtentry$$00000004)
    .ARM.Collect$$rtentry$$00000009          0x08000276   Section        0  __rtentry2.o(.ARM.Collect$$rtentry$$00000009)
    .ARM.Collect$$rtentry$$0000000A          0x08000276   Section        4  __rtentry2.o(.ARM.Collect$$rtentry$$0000000A)
    .ARM.Collect$$rtentry$$0000000C          0x0800027a   Section        0  __rtentry2.o(.ARM.Collect$$rtentry$$0000000C)
    .ARM.Collect$$rtentry$$0000000D          0x0800027a   Section        8  __rtentry2.o(.ARM.Collect$$rtentry$$0000000D)
    .ARM.Collect$$rtexit$$00000000           0x08000282   Section        2  rtexit.o(.ARM.Collect$$rtexit$$00000000)
    .ARM.Collect$$rtexit$$00000002           0x08000284   Section        0  rtexit2.o(.ARM.Collect$$rtexit$$00000002)
    .ARM.Collect$$rtexit$$00000003           0x08000284   Section        4  rtexit2.o(.ARM.Collect$$rtexit$$00000003)
    .ARM.Collect$$rtexit$$00000004           0x08000288   Section        6  rtexit2.o(.ARM.Collect$$rtexit$$00000004)
    $v0                                      0x08000290   Number         0  startup_stm32f446xx.o(.text)
    .text                                    0x08000290   Section       64  startup_stm32f446xx.o(.text)
    .text                                    0x080002d0   Section      240  lludivv7m.o(.text)
    .text                                    0x080003c0   Section       78  rt_memclr_w.o(.text)
    .text                                    0x0800040e   Section        0  heapauxi.o(.text)
    .text                                    0x08000414   Section        0  _rserrno.o(.text)
    .text                                    0x0800042c   Section        8  rt_errno_addr_intlibspace.o(.text)
    .text                                    0x08000434   Section        8  libspace.o(.text)
    .text                                    0x0800043c   Section       74  sys_stackheap_outer.o(.text)
    .text                                    0x08000486   Section        0  exit.o(.text)
    .text                                    0x08000498   Section        0  sys_exit.o(.text)
    .text                                    0x080004a4   Section        2  use_no_semi.o(.text)
    .text                                    0x080004a6   Section        0  indicate_semi.o(.text)
    [Anonymous Symbol]                       0x080004a8   Section        0  stm32f4xx_it.o(.text.BusFault_Handler)
    [Anonymous Symbol]                       0x080004ac   Section        0  stm32f4xx_it.o(.text.CAN1_RX0_IRQHandler)
    [Anonymous Symbol]                       0x080004b8   Section        0  stm32f4xx_it.o(.text.CAN1_RX1_IRQHandler)
    [Anonymous Symbol]                       0x080004c4   Section        0  stm32f4xx_it.o(.text.CAN2_RX0_IRQHandler)
    [Anonymous Symbol]                       0x080004d0   Section        0  stm32f4xx_it.o(.text.CAN2_RX1_IRQHandler)
    [Anonymous Symbol]                       0x080004dc   Section        0  stm32f4xx_it.o(.text.DebugMon_Handler)
    [Anonymous Symbol]                       0x080004e0   Section        0  stm32f4xx_hal_can.o(.text.HAL_CAN_ActivateNotification)
    [Anonymous Symbol]                       0x08000510   Section        0  stm32f4xx_hal_can.o(.text.HAL_CAN_AddTxMessage)
    [Anonymous Symbol]                       0x080005b4   Section        0  stm32f4xx_hal_can.o(.text.HAL_CAN_ConfigFilter)
    [Anonymous Symbol]                       0x08000694   Section        0  stm32f4xx_hal_can.o(.text.HAL_CAN_ErrorCallback)
    [Anonymous Symbol]                       0x08000698   Section        0  stm32f4xx_hal_can.o(.text.HAL_CAN_GetRxMessage)
    [Anonymous Symbol]                       0x080007c8   Section        0  stm32f4xx_hal_can.o(.text.HAL_CAN_IRQHandler)
    [Anonymous Symbol]                       0x08000a28   Section        0  stm32f4xx_hal_can.o(.text.HAL_CAN_Init)
    [Anonymous Symbol]                       0x08000b1c   Section        0  stm32f4xx_hal_msp.o(.text.HAL_CAN_MspInit)
    [Anonymous Symbol]                       0x08000c50   Section        0  stm32f4xx_hal_can.o(.text.HAL_CAN_RxFifo0FullCallback)
    [Anonymous Symbol]                       0x08000c58   Section        0  main.o(.text.HAL_CAN_RxFifo0MsgPendingCallback)
    [Anonymous Symbol]                       0x08000e68   Section        0  stm32f4xx_hal_can.o(.text.HAL_CAN_RxFifo1FullCallback)
    [Anonymous Symbol]                       0x08000e6c   Section        0  stm32f4xx_hal_can.o(.text.HAL_CAN_RxFifo1MsgPendingCallback)
    [Anonymous Symbol]                       0x08000e70   Section        0  stm32f4xx_hal_can.o(.text.HAL_CAN_SleepCallback)
    [Anonymous Symbol]                       0x08000e74   Section        0  stm32f4xx_hal_can.o(.text.HAL_CAN_Start)
    [Anonymous Symbol]                       0x08000ed0   Section        0  stm32f4xx_hal_can.o(.text.HAL_CAN_TxMailbox0AbortCallback)
    [Anonymous Symbol]                       0x08000ed4   Section        0  stm32f4xx_hal_can.o(.text.HAL_CAN_TxMailbox0CompleteCallback)
    [Anonymous Symbol]                       0x08000ed8   Section        0  stm32f4xx_hal_can.o(.text.HAL_CAN_TxMailbox1AbortCallback)
    [Anonymous Symbol]                       0x08000edc   Section        0  stm32f4xx_hal_can.o(.text.HAL_CAN_TxMailbox1CompleteCallback)
    [Anonymous Symbol]                       0x08000ee0   Section        0  stm32f4xx_hal_can.o(.text.HAL_CAN_TxMailbox2AbortCallback)
    [Anonymous Symbol]                       0x08000ee4   Section        0  stm32f4xx_hal_can.o(.text.HAL_CAN_TxMailbox2CompleteCallback)
    [Anonymous Symbol]                       0x08000ee8   Section        0  stm32f4xx_hal_can.o(.text.HAL_CAN_WakeUpFromRxMsgCallback)
    [Anonymous Symbol]                       0x08000eec   Section        0  stm32f4xx_hal_dma.o(.text.HAL_DMA_Abort)
    [Anonymous Symbol]                       0x08000f7c   Section        0  stm32f4xx_hal_dma.o(.text.HAL_DMA_Abort_IT)
    [Anonymous Symbol]                       0x08000fa0   Section        0  stm32f4xx_hal.o(.text.HAL_Delay)
    [Anonymous Symbol]                       0x08000fc8   Section        0  stm32f4xx_hal_gpio.o(.text.HAL_GPIO_Init)
    [Anonymous Symbol]                       0x08001168   Section        0  stm32f4xx_hal.o(.text.HAL_GetTick)
    [Anonymous Symbol]                       0x08001174   Section        0  stm32f4xx_hal_i2c.o(.text.HAL_I2C_Init)
    [Anonymous Symbol]                       0x080012d8   Section        0  stm32f4xx_hal_msp.o(.text.HAL_I2C_MspInit)
    [Anonymous Symbol]                       0x0800138c   Section        0  stm32f4xx_hal.o(.text.HAL_IncTick)
    [Anonymous Symbol]                       0x080013a8   Section        0  stm32f4xx_hal.o(.text.HAL_Init)
    [Anonymous Symbol]                       0x080013e0   Section        0  stm32f4xx_hal.o(.text.HAL_InitTick)
    [Anonymous Symbol]                       0x08001428   Section        0  stm32f4xx_hal_msp.o(.text.HAL_MspInit)
    [Anonymous Symbol]                       0x08001460   Section        0  stm32f4xx_hal_cortex.o(.text.HAL_NVIC_EnableIRQ)
    [Anonymous Symbol]                       0x08001484   Section        0  stm32f4xx_hal_cortex.o(.text.HAL_NVIC_SetPriority)
    [Anonymous Symbol]                       0x080014dc   Section        0  stm32f4xx_hal_cortex.o(.text.HAL_NVIC_SetPriorityGrouping)
    [Anonymous Symbol]                       0x080014fc   Section        0  stm32f4xx_hal_pwr_ex.o(.text.HAL_PWREx_EnableOverDrive)
    [Anonymous Symbol]                       0x08001578   Section        0  stm32f4xx_hal_rcc.o(.text.HAL_RCC_ClockConfig)
    [Anonymous Symbol]                       0x080016dc   Section        0  stm32f4xx_hal_rcc.o(.text.HAL_RCC_GetPCLK1Freq)
    [Anonymous Symbol]                       0x08001704   Section        0  stm32f4xx_hal_rcc.o(.text.HAL_RCC_GetPCLK2Freq)
    [Anonymous Symbol]                       0x0800172c   Section        0  stm32f4xx_hal_rcc_ex.o(.text.HAL_RCC_GetSysClockFreq)
    [Anonymous Symbol]                       0x080017d0   Section        0  stm32f4xx_hal_rcc_ex.o(.text.HAL_RCC_OscConfig)
    [Anonymous Symbol]                       0x08001bac   Section        0  stm32f4xx_hal_cortex.o(.text.HAL_SYSTICK_Config)
    [Anonymous Symbol]                       0x08001bd8   Section        0  stm32f4xx_hal_uart.o(.text.HAL_UARTEx_RxEventCallback)
    [Anonymous Symbol]                       0x08001bdc   Section        0  stm32f4xx_hal_uart.o(.text.HAL_UART_ErrorCallback)
    [Anonymous Symbol]                       0x08001be0   Section        0  stm32f4xx_hal_uart.o(.text.HAL_UART_IRQHandler)
    [Anonymous Symbol]                       0x08002150   Section        0  stm32f4xx_hal_uart.o(.text.HAL_UART_Init)
    [Anonymous Symbol]                       0x080021b0   Section        0  stm32f4xx_hal_msp.o(.text.HAL_UART_MspInit)
    [Anonymous Symbol]                       0x08002234   Section        0  stm32f4xx_hal_uart.o(.text.HAL_UART_Receive_IT)
    [Anonymous Symbol]                       0x08002288   Section        0  main.o(.text.HAL_UART_RxCpltCallback)
    [Anonymous Symbol]                       0x080022a4   Section        0  stm32f4xx_hal_uart.o(.text.HAL_UART_TxCpltCallback)
    [Anonymous Symbol]                       0x080022a8   Section        0  stm32f4xx_it.o(.text.HardFault_Handler)
    [Anonymous Symbol]                       0x080022ac   Section        0  stm32f4xx_it.o(.text.MemManage_Handler)
    [Anonymous Symbol]                       0x080022b0   Section        0  stm32f4xx_it.o(.text.NMI_Handler)
    [Anonymous Symbol]                       0x080022b4   Section        0  stm32f4xx_it.o(.text.PendSV_Handler)
    [Anonymous Symbol]                       0x080022b8   Section        0  stm32f4xx_it.o(.text.SVC_Handler)
    [Anonymous Symbol]                       0x080022bc   Section        0  stm32f4xx_it.o(.text.SysTick_Handler)
    [Anonymous Symbol]                       0x080022c0   Section        0  main.o(.text.SystemClock_Config)
    [Anonymous Symbol]                       0x0800237c   Section        0  system_stm32f4xx.o(.text.SystemInit)
    [Anonymous Symbol]                       0x08002390   Section        0  stm32f4xx_it.o(.text.UART4_IRQHandler)
    UART_DMAAbortOnError                     0x0800239d   Thumb Code    12  stm32f4xx_hal_uart.o(.text.UART_DMAAbortOnError)
    [Anonymous Symbol]                       0x0800239c   Section        0  stm32f4xx_hal_uart.o(.text.UART_DMAAbortOnError)
    UART_Receive_IT                          0x080023a9   Thumb Code   254  stm32f4xx_hal_uart.o(.text.UART_Receive_IT)
    [Anonymous Symbol]                       0x080023a8   Section        0  stm32f4xx_hal_uart.o(.text.UART_Receive_IT)
    UART_SetConfig                           0x080024a9   Thumb Code   230  stm32f4xx_hal_uart.o(.text.UART_SetConfig)
    [Anonymous Symbol]                       0x080024a8   Section        0  stm32f4xx_hal_uart.o(.text.UART_SetConfig)
    [Anonymous Symbol]                       0x08002590   Section        0  stm32f4xx_it.o(.text.UsageFault_Handler)
    [Anonymous Symbol]                       0x08002598   Section        0  main.o(.text.Wheels_Block)
    [Anonymous Symbol]                       0x08002910   Section        0  main.o(.text.main)
    i.__ARM_fpclassify                       0x08002e1a   Section        0  fpclassify.o(i.__ARM_fpclassify)
    i.__hardfp_ldexp                         0x08002e50   Section        0  ldexp.o(i.__hardfp_ldexp)
    i.__hardfp_pow                           0x08002f20   Section        0  pow.o(i.__hardfp_pow)
    i.__kernel_poly                          0x08003b80   Section        0  poly.o(i.__kernel_poly)
    i.__mathlib_dbl_divzero                  0x08003c78   Section        0  dunder.o(i.__mathlib_dbl_divzero)
    i.__mathlib_dbl_infnan2                  0x08003ca8   Section        0  dunder.o(i.__mathlib_dbl_infnan2)
    i.__mathlib_dbl_invalid                  0x08003cc0   Section        0  dunder.o(i.__mathlib_dbl_invalid)
    i.__mathlib_dbl_overflow                 0x08003ce0   Section        0  dunder.o(i.__mathlib_dbl_overflow)
    i.__mathlib_dbl_underflow                0x08003d00   Section        0  dunder.o(i.__mathlib_dbl_underflow)
    i.fabs                                   0x08003d20   Section        0  fabs.o(i.fabs)
    i.sqrt                                   0x08003d38   Section        0  sqrt.o(i.sqrt)
    $v0                                      0x08003da6   Number         0  basic.o(x$fpl$basic)
    x$fpl$basic                              0x08003da6   Section       24  basic.o(x$fpl$basic)
    $v0                                      0x08003dc0   Number         0  d2f.o(x$fpl$d2f)
    x$fpl$d2f                                0x08003dc0   Section       98  d2f.o(x$fpl$d2f)
    $v0                                      0x08003e24   Number         0  daddsub_clz.o(x$fpl$dadd)
    x$fpl$dadd                               0x08003e24   Section      336  daddsub_clz.o(x$fpl$dadd)
    _dadd1                                   0x08003e35   Thumb Code     0  daddsub_clz.o(x$fpl$dadd)
    $v0                                      0x08003f74   Number         0  dcheck1.o(x$fpl$dcheck1)
    x$fpl$dcheck1                            0x08003f74   Section       16  dcheck1.o(x$fpl$dcheck1)
    $v0                                      0x08003f84   Number         0  dcmpi.o(x$fpl$dcmpinf)
    x$fpl$dcmpinf                            0x08003f84   Section       24  dcmpi.o(x$fpl$dcmpinf)
    $v0                                      0x08003f9c   Number         0  ddiv.o(x$fpl$ddiv)
    x$fpl$ddiv                               0x08003f9c   Section      696  ddiv.o(x$fpl$ddiv)
    ddiv_entry                               0x08003fa3   Thumb Code     0  ddiv.o(x$fpl$ddiv)
    $v0                                      0x08004254   Number         0  deqf.o(x$fpl$deqf)
    x$fpl$deqf                               0x08004254   Section      120  deqf.o(x$fpl$deqf)
    $v0                                      0x080042cc   Number         0  dflt_clz.o(x$fpl$dflt)
    x$fpl$dflt                               0x080042cc   Section       46  dflt_clz.o(x$fpl$dflt)
    $v0                                      0x080042fa   Number         0  dflt_clz.o(x$fpl$dfltu)
    x$fpl$dfltu                              0x080042fa   Section       38  dflt_clz.o(x$fpl$dfltu)
    $v0                                      0x08004320   Number         0  dleqf.o(x$fpl$dleqf)
    x$fpl$dleqf                              0x08004320   Section      120  dleqf.o(x$fpl$dleqf)
    $v0                                      0x08004398   Number         0  dmul.o(x$fpl$dmul)
    x$fpl$dmul                               0x08004398   Section      340  dmul.o(x$fpl$dmul)
    $v0                                      0x080044ec   Number         0  dnaninf.o(x$fpl$dnaninf)
    x$fpl$dnaninf                            0x080044ec   Section      156  dnaninf.o(x$fpl$dnaninf)
    $v0                                      0x08004588   Number         0  dretinf.o(x$fpl$dretinf)
    x$fpl$dretinf                            0x08004588   Section       12  dretinf.o(x$fpl$dretinf)
    $v0                                      0x08004594   Number         0  drleqf.o(x$fpl$drleqf)
    x$fpl$drleqf                             0x08004594   Section      108  drleqf.o(x$fpl$drleqf)
    $v0                                      0x08004600   Number         0  daddsub_clz.o(x$fpl$drsb)
    x$fpl$drsb                               0x08004600   Section       22  daddsub_clz.o(x$fpl$drsb)
    $v0                                      0x08004618   Number         0  dsqrt_umaal.o(x$fpl$dsqrt)
    x$fpl$dsqrt                              0x08004618   Section      408  dsqrt_umaal.o(x$fpl$dsqrt)
    $v0                                      0x080047b0   Number         0  daddsub_clz.o(x$fpl$dsub)
    x$fpl$dsub                               0x080047b0   Section      476  daddsub_clz.o(x$fpl$dsub)
    _dsub1                                   0x080047c1   Thumb Code     0  daddsub_clz.o(x$fpl$dsub)
    $v0                                      0x0800498c   Number         0  fpinit.o(x$fpl$fpinit)
    x$fpl$fpinit                             0x0800498c   Section       26  fpinit.o(x$fpl$fpinit)
    $v0                                      0x080049a6   Number         0  fretinf.o(x$fpl$fretinf)
    x$fpl$fretinf                            0x080049a6   Section       10  fretinf.o(x$fpl$fretinf)
    $v0                                      0x080049b0   Number         0  retnan.o(x$fpl$retnan)
    x$fpl$retnan                             0x080049b0   Section      100  retnan.o(x$fpl$retnan)
    $v0                                      0x08004a14   Number         0  scalbn.o(x$fpl$scalbn)
    x$fpl$scalbn                             0x08004a14   Section       92  scalbn.o(x$fpl$scalbn)
    $v0                                      0x08004a70   Number         0  trapv.o(x$fpl$trapveneer)
    x$fpl$trapveneer                         0x08004a70   Section       48  trapv.o(x$fpl$trapveneer)
    bp                                       0x08004aa0   Data          16  pow.o(.constdata)
    .constdata                               0x08004aa0   Section      136  pow.o(.constdata)
    x$fpl$usenofp                            0x08004aa0   Section        0  usenofp.o(x$fpl$usenofp)
    dp_h                                     0x08004ab0   Data          16  pow.o(.constdata)
    dp_l                                     0x08004ac0   Data          16  pow.o(.constdata)
    L                                        0x08004ad0   Data          48  pow.o(.constdata)
    P                                        0x08004b00   Data          40  pow.o(.constdata)
    .constdata                               0x08004b28   Section        8  qnan.o(.constdata)
    .L_MergedGlobals                         0x20000000   Data           8  stm32f4xx_hal.o(.data..L_MergedGlobals)
    [Anonymous Symbol]                       0x20000000   Section        0  stm32f4xx_hal.o(.data..L_MergedGlobals)
    .bss                                     0x20000010   Section       96  libspace.o(.bss)
    .L_MergedGlobals.1                       0x20000070   Data         124  main.o(.bss..L_MergedGlobals.1)
    [Anonymous Symbol]                       0x20000070   Section        0  main.o(.bss..L_MergedGlobals.1)
    .L_MergedGlobals.2                       0x200000ec   Data         100  main.o(.bss..L_MergedGlobals.2)
    [Anonymous Symbol]                       0x200000ec   Section        0  main.o(.bss..L_MergedGlobals.2)
    .L_MergedGlobals.3                       0x20000150   Data         120  main.o(.bss..L_MergedGlobals.3)
    [Anonymous Symbol]                       0x20000150   Section        0  main.o(.bss..L_MergedGlobals.3)
    HAL_RCC_CAN1_CLK_ENABLED                 0x200001c8   Data           4  stm32f4xx_hal_msp.o(.bss.HAL_RCC_CAN1_CLK_ENABLED)
    [Anonymous Symbol]                       0x200001c8   Section        0  stm32f4xx_hal_msp.o(.bss.HAL_RCC_CAN1_CLK_ENABLED)
    Heap_Mem                                 0x20000270   Data         512  startup_stm32f446xx.o(HEAP)
    HEAP                                     0x20000270   Section      512  startup_stm32f446xx.o(HEAP)
    Stack_Mem                                0x20000470   Data        1024  startup_stm32f446xx.o(STACK)
    STACK                                    0x20000470   Section     1024  startup_stm32f446xx.o(STACK)
    __initial_sp                             0x20000870   Data           0  startup_stm32f446xx.o(STACK)

    Global Symbols

    Symbol Name                              Value     Ov Type        Size  Object(Section)

    BuildAttributes$$THM_ISAv4$E$P$D$K$B$S$7EM$VFPi3$EXTD16$VFPS$VFMA$PE$A:L22UL41UL21$X:L11$S22US41US21$IEEE1$IW$~IW$USESV6$~STKCKD$USESV7$~SHL$OTIME$ROPI$IEEEX$EBA8$UX$STANDARDLIB$REQ8$PRES8$EABIv2 0x00000000   Number         0  anon$$obj.o ABSOLUTE
    __ARM_exceptions_init                     - Undefined Weak Reference
    __alloca_initialize                       - Undefined Weak Reference
    __arm_preinit_                            - Undefined Weak Reference
    __arm_relocate_pie_                       - Undefined Weak Reference
    __cpp_initialize__aeabi_                  - Undefined Weak Reference
    __cxa_finalize                            - Undefined Weak Reference
    __rt_locale                               - Undefined Weak Reference
    __sigvec_lookup                           - Undefined Weak Reference
    _atexit_init                              - Undefined Weak Reference
    _call_atexit_fns                          - Undefined Weak Reference
    _clock_init                               - Undefined Weak Reference
    _fp_trap_init                             - Undefined Weak Reference
    _fp_trap_shutdown                         - Undefined Weak Reference
    _get_lc_collate                           - Undefined Weak Reference
    _get_lc_ctype                             - Undefined Weak Reference
    _get_lc_monetary                          - Undefined Weak Reference
    _get_lc_numeric                           - Undefined Weak Reference
    _get_lc_time                              - Undefined Weak Reference
    _getenv_init                              - Undefined Weak Reference
    _handle_redirection                       - Undefined Weak Reference
    _init_alloc                               - Undefined Weak Reference
    _init_user_alloc                          - Undefined Weak Reference
    _initio                                   - Undefined Weak Reference
    _rand_init                                - Undefined Weak Reference
    _signal_finish                            - Undefined Weak Reference
    _signal_init                              - Undefined Weak Reference
    _terminate_alloc                          - Undefined Weak Reference
    _terminate_user_alloc                     - Undefined Weak Reference
    _terminateio                              - Undefined Weak Reference
    __Vectors_Size                           0x000001c4   Number         0  startup_stm32f446xx.o ABSOLUTE
    __Vectors                                0x08000000   Data           4  startup_stm32f446xx.o(RESET)
    __Vectors_End                            0x080001c4   Data           0  startup_stm32f446xx.o(RESET)
    __main                                   0x080001c5   Thumb Code     8  __main.o(!!!main)
    __scatterload                            0x080001cd   Thumb Code     0  __scatter.o(!!!scatter)
    __scatterload_rt2                        0x080001cd   Thumb Code    84  __scatter.o(!!!scatter)
    __scatterload_rt2_thumb_only             0x080001cd   Thumb Code     0  __scatter.o(!!!scatter)
    __scatterload_loop                       0x080001d7   Thumb Code     0  __scatter.o(!!!scatter)
    __scatterload_copy                       0x08000229   Thumb Code    26  __scatter_copy.o(!!handler_copy)
    __scatterload_null                       0x08000245   Thumb Code     2  __scatter.o(!!handler_null)
    __scatterload_zeroinit                   0x08000249   Thumb Code    28  __scatter_zi.o(!!handler_zi)
    __rt_lib_init                            0x08000265   Thumb Code     0  libinit.o(.ARM.Collect$$libinit$$00000000)
    __rt_lib_init_fp_1                       0x08000267   Thumb Code     0  libinit2.o(.ARM.Collect$$libinit$$00000001)
    __rt_lib_init_alloca_1                   0x0800026b   Thumb Code     0  libinit2.o(.ARM.Collect$$libinit$$00000030)
    __rt_lib_init_argv_1                     0x0800026b   Thumb Code     0  libinit2.o(.ARM.Collect$$libinit$$0000002E)
    __rt_lib_init_atexit_1                   0x0800026b   Thumb Code     0  libinit2.o(.ARM.Collect$$libinit$$0000001D)
    __rt_lib_init_clock_1                    0x0800026b   Thumb Code     0  libinit2.o(.ARM.Collect$$libinit$$00000023)
    __rt_lib_init_cpp_1                      0x0800026b   Thumb Code     0  libinit2.o(.ARM.Collect$$libinit$$00000034)
    __rt_lib_init_exceptions_1               0x0800026b   Thumb Code     0  libinit2.o(.ARM.Collect$$libinit$$00000032)
    __rt_lib_init_fp_trap_1                  0x0800026b   Thumb Code     0  libinit2.o(.ARM.Collect$$libinit$$00000021)
    __rt_lib_init_getenv_1                   0x0800026b   Thumb Code     0  libinit2.o(.ARM.Collect$$libinit$$00000025)
    __rt_lib_init_heap_1                     0x0800026b   Thumb Code     0  libinit2.o(.ARM.Collect$$libinit$$0000000C)
    __rt_lib_init_lc_collate_1               0x0800026b   Thumb Code     0  libinit2.o(.ARM.Collect$$libinit$$00000013)
    __rt_lib_init_lc_ctype_1                 0x0800026b   Thumb Code     0  libinit2.o(.ARM.Collect$$libinit$$00000015)
    __rt_lib_init_lc_monetary_1              0x0800026b   Thumb Code     0  libinit2.o(.ARM.Collect$$libinit$$00000017)
    __rt_lib_init_lc_numeric_1               0x0800026b   Thumb Code     0  libinit2.o(.ARM.Collect$$libinit$$00000019)
    __rt_lib_init_lc_time_1                  0x0800026b   Thumb Code     0  libinit2.o(.ARM.Collect$$libinit$$0000001B)
    __rt_lib_init_preinit_1                  0x0800026b   Thumb Code     0  libinit2.o(.ARM.Collect$$libinit$$00000006)
    __rt_lib_init_rand_1                     0x0800026b   Thumb Code     0  libinit2.o(.ARM.Collect$$libinit$$00000010)
    __rt_lib_init_relocate_pie_1             0x0800026b   Thumb Code     0  libinit2.o(.ARM.Collect$$libinit$$00000004)
    __rt_lib_init_return                     0x0800026b   Thumb Code     0  libinit2.o(.ARM.Collect$$libinit$$00000035)
    __rt_lib_init_signal_1                   0x0800026b   Thumb Code     0  libinit2.o(.ARM.Collect$$libinit$$0000001F)
    __rt_lib_init_stdio_1                    0x0800026b   Thumb Code     0  libinit2.o(.ARM.Collect$$libinit$$00000027)
    __rt_lib_init_user_alloc_1               0x0800026b   Thumb Code     0  libinit2.o(.ARM.Collect$$libinit$$0000000E)
    __rt_lib_shutdown                        0x0800026d   Thumb Code     0  libshutdown.o(.ARM.Collect$$libshutdown$$00000000)
    __rt_lib_shutdown_cpp_1                  0x0800026f   Thumb Code     0  libshutdown2.o(.ARM.Collect$$libshutdown$$00000002)
    __rt_lib_shutdown_fp_trap_1              0x0800026f   Thumb Code     0  libshutdown2.o(.ARM.Collect$$libshutdown$$00000007)
    __rt_lib_shutdown_heap_1                 0x0800026f   Thumb Code     0  libshutdown2.o(.ARM.Collect$$libshutdown$$0000000F)
    __rt_lib_shutdown_return                 0x0800026f   Thumb Code     0  libshutdown2.o(.ARM.Collect$$libshutdown$$00000010)
    __rt_lib_shutdown_signal_1               0x0800026f   Thumb Code     0  libshutdown2.o(.ARM.Collect$$libshutdown$$0000000A)
    __rt_lib_shutdown_stdio_1                0x0800026f   Thumb Code     0  libshutdown2.o(.ARM.Collect$$libshutdown$$00000004)
    __rt_lib_shutdown_user_alloc_1           0x0800026f   Thumb Code     0  libshutdown2.o(.ARM.Collect$$libshutdown$$0000000C)
    __rt_entry                               0x08000271   Thumb Code     0  __rtentry.o(.ARM.Collect$$rtentry$$00000000)
    __rt_entry_presh_1                       0x08000271   Thumb Code     0  __rtentry2.o(.ARM.Collect$$rtentry$$00000002)
    __rt_entry_sh                            0x08000271   Thumb Code     0  __rtentry4.o(.ARM.Collect$$rtentry$$00000004)
    __rt_entry_li                            0x08000277   Thumb Code     0  __rtentry2.o(.ARM.Collect$$rtentry$$0000000A)
    __rt_entry_postsh_1                      0x08000277   Thumb Code     0  __rtentry2.o(.ARM.Collect$$rtentry$$00000009)
    __rt_entry_main                          0x0800027b   Thumb Code     0  __rtentry2.o(.ARM.Collect$$rtentry$$0000000D)
    __rt_entry_postli_1                      0x0800027b   Thumb Code     0  __rtentry2.o(.ARM.Collect$$rtentry$$0000000C)
    __rt_exit                                0x08000283   Thumb Code     0  rtexit.o(.ARM.Collect$$rtexit$$00000000)
    __rt_exit_ls                             0x08000285   Thumb Code     0  rtexit2.o(.ARM.Collect$$rtexit$$00000003)
    __rt_exit_prels_1                        0x08000285   Thumb Code     0  rtexit2.o(.ARM.Collect$$rtexit$$00000002)
    __rt_exit_exit                           0x08000289   Thumb Code     0  rtexit2.o(.ARM.Collect$$rtexit$$00000004)
    Reset_Handler                            0x08000291   Thumb Code     8  startup_stm32f446xx.o(.text)
    ADC_IRQHandler                           0x080002ab   Thumb Code     0  startup_stm32f446xx.o(.text)
    CAN1_SCE_IRQHandler                      0x080002ab   Thumb Code     0  startup_stm32f446xx.o(.text)
    CAN1_TX_IRQHandler                       0x080002ab   Thumb Code     0  startup_stm32f446xx.o(.text)
    CAN2_SCE_IRQHandler                      0x080002ab   Thumb Code     0  startup_stm32f446xx.o(.text)
    CAN2_TX_IRQHandler                       0x080002ab   Thumb Code     0  startup_stm32f446xx.o(.text)
    CEC_IRQHandler                           0x080002ab   Thumb Code     0  startup_stm32f446xx.o(.text)
    DCMI_IRQHandler                          0x080002ab   Thumb Code     0  startup_stm32f446xx.o(.text)
    DMA1_Stream0_IRQHandler                  0x080002ab   Thumb Code     0  startup_stm32f446xx.o(.text)
    DMA1_Stream1_IRQHandler                  0x080002ab   Thumb Code     0  startup_stm32f446xx.o(.text)
    DMA1_Stream2_IRQHandler                  0x080002ab   Thumb Code     0  startup_stm32f446xx.o(.text)
    DMA1_Stream3_IRQHandler                  0x080002ab   Thumb Code     0  startup_stm32f446xx.o(.text)
    DMA1_Stream4_IRQHandler                  0x080002ab   Thumb Code     0  startup_stm32f446xx.o(.text)
    DMA1_Stream5_IRQHandler                  0x080002ab   Thumb Code     0  startup_stm32f446xx.o(.text)
    DMA1_Stream6_IRQHandler                  0x080002ab   Thumb Code     0  startup_stm32f446xx.o(.text)
    DMA1_Stream7_IRQHandler                  0x080002ab   Thumb Code     0  startup_stm32f446xx.o(.text)
    DMA2_Stream0_IRQHandler                  0x080002ab   Thumb Code     0  startup_stm32f446xx.o(.text)
    DMA2_Stream1_IRQHandler                  0x080002ab   Thumb Code     0  startup_stm32f446xx.o(.text)
    DMA2_Stream2_IRQHandler                  0x080002ab   Thumb Code     0  startup_stm32f446xx.o(.text)
    DMA2_Stream3_IRQHandler                  0x080002ab   Thumb Code     0  startup_stm32f446xx.o(.text)
    DMA2_Stream4_IRQHandler                  0x080002ab   Thumb Code     0  startup_stm32f446xx.o(.text)
    DMA2_Stream5_IRQHandler                  0x080002ab   Thumb Code     0  startup_stm32f446xx.o(.text)
    DMA2_Stream6_IRQHandler                  0x080002ab   Thumb Code     0  startup_stm32f446xx.o(.text)
    DMA2_Stream7_IRQHandler                  0x080002ab   Thumb Code     0  startup_stm32f446xx.o(.text)
    EXTI0_IRQHandler                         0x080002ab   Thumb Code     0  startup_stm32f446xx.o(.text)
    EXTI15_10_IRQHandler                     0x080002ab   Thumb Code     0  startup_stm32f446xx.o(.text)
    EXTI1_IRQHandler                         0x080002ab   Thumb Code     0  startup_stm32f446xx.o(.text)
    EXTI2_IRQHandler                         0x080002ab   Thumb Code     0  startup_stm32f446xx.o(.text)
    EXTI3_IRQHandler                         0x080002ab   Thumb Code     0  startup_stm32f446xx.o(.text)
    EXTI4_IRQHandler                         0x080002ab   Thumb Code     0  startup_stm32f446xx.o(.text)
    EXTI9_5_IRQHandler                       0x080002ab   Thumb Code     0  startup_stm32f446xx.o(.text)
    FLASH_IRQHandler                         0x080002ab   Thumb Code     0  startup_stm32f446xx.o(.text)
    FMC_IRQHandler                           0x080002ab   Thumb Code     0  startup_stm32f446xx.o(.text)
    FMPI2C1_ER_IRQHandler                    0x080002ab   Thumb Code     0  startup_stm32f446xx.o(.text)
    FMPI2C1_EV_IRQHandler                    0x080002ab   Thumb Code     0  startup_stm32f446xx.o(.text)
    FPU_IRQHandler                           0x080002ab   Thumb Code     0  startup_stm32f446xx.o(.text)
    I2C1_ER_IRQHandler                       0x080002ab   Thumb Code     0  startup_stm32f446xx.o(.text)
    I2C1_EV_IRQHandler                       0x080002ab   Thumb Code     0  startup_stm32f446xx.o(.text)
    I2C2_ER_IRQHandler                       0x080002ab   Thumb Code     0  startup_stm32f446xx.o(.text)
    I2C2_EV_IRQHandler                       0x080002ab   Thumb Code     0  startup_stm32f446xx.o(.text)
    I2C3_ER_IRQHandler                       0x080002ab   Thumb Code     0  startup_stm32f446xx.o(.text)
    I2C3_EV_IRQHandler                       0x080002ab   Thumb Code     0  startup_stm32f446xx.o(.text)
    OTG_FS_IRQHandler                        0x080002ab   Thumb Code     0  startup_stm32f446xx.o(.text)
    OTG_FS_WKUP_IRQHandler                   0x080002ab   Thumb Code     0  startup_stm32f446xx.o(.text)
    OTG_HS_EP1_IN_IRQHandler                 0x080002ab   Thumb Code     0  startup_stm32f446xx.o(.text)
    OTG_HS_EP1_OUT_IRQHandler                0x080002ab   Thumb Code     0  startup_stm32f446xx.o(.text)
    OTG_HS_IRQHandler                        0x080002ab   Thumb Code     0  startup_stm32f446xx.o(.text)
    OTG_HS_WKUP_IRQHandler                   0x080002ab   Thumb Code     0  startup_stm32f446xx.o(.text)
    PVD_IRQHandler                           0x080002ab   Thumb Code     0  startup_stm32f446xx.o(.text)
    QUADSPI_IRQHandler                       0x080002ab   Thumb Code     0  startup_stm32f446xx.o(.text)
    RCC_IRQHandler                           0x080002ab   Thumb Code     0  startup_stm32f446xx.o(.text)
    RTC_Alarm_IRQHandler                     0x080002ab   Thumb Code     0  startup_stm32f446xx.o(.text)
    RTC_WKUP_IRQHandler                      0x080002ab   Thumb Code     0  startup_stm32f446xx.o(.text)
    SAI1_IRQHandler                          0x080002ab   Thumb Code     0  startup_stm32f446xx.o(.text)
    SAI2_IRQHandler                          0x080002ab   Thumb Code     0  startup_stm32f446xx.o(.text)
    SDIO_IRQHandler                          0x080002ab   Thumb Code     0  startup_stm32f446xx.o(.text)
    SPDIF_RX_IRQHandler                      0x080002ab   Thumb Code     0  startup_stm32f446xx.o(.text)
    SPI1_IRQHandler                          0x080002ab   Thumb Code     0  startup_stm32f446xx.o(.text)
    SPI2_IRQHandler                          0x080002ab   Thumb Code     0  startup_stm32f446xx.o(.text)
    SPI3_IRQHandler                          0x080002ab   Thumb Code     0  startup_stm32f446xx.o(.text)
    SPI4_IRQHandler                          0x080002ab   Thumb Code     0  startup_stm32f446xx.o(.text)
    TAMP_STAMP_IRQHandler                    0x080002ab   Thumb Code     0  startup_stm32f446xx.o(.text)
    TIM1_BRK_TIM9_IRQHandler                 0x080002ab   Thumb Code     0  startup_stm32f446xx.o(.text)
    TIM1_CC_IRQHandler                       0x080002ab   Thumb Code     0  startup_stm32f446xx.o(.text)
    TIM1_TRG_COM_TIM11_IRQHandler            0x080002ab   Thumb Code     0  startup_stm32f446xx.o(.text)
    TIM1_UP_TIM10_IRQHandler                 0x080002ab   Thumb Code     0  startup_stm32f446xx.o(.text)
    TIM2_IRQHandler                          0x080002ab   Thumb Code     0  startup_stm32f446xx.o(.text)
    TIM3_IRQHandler                          0x080002ab   Thumb Code     0  startup_stm32f446xx.o(.text)
    TIM4_IRQHandler                          0x080002ab   Thumb Code     0  startup_stm32f446xx.o(.text)
    TIM5_IRQHandler                          0x080002ab   Thumb Code     0  startup_stm32f446xx.o(.text)
    TIM6_DAC_IRQHandler                      0x080002ab   Thumb Code     0  startup_stm32f446xx.o(.text)
    TIM7_IRQHandler                          0x080002ab   Thumb Code     0  startup_stm32f446xx.o(.text)
    TIM8_BRK_TIM12_IRQHandler                0x080002ab   Thumb Code     0  startup_stm32f446xx.o(.text)
    TIM8_CC_IRQHandler                       0x080002ab   Thumb Code     0  startup_stm32f446xx.o(.text)
    TIM8_TRG_COM_TIM14_IRQHandler            0x080002ab   Thumb Code     0  startup_stm32f446xx.o(.text)
    TIM8_UP_TIM13_IRQHandler                 0x080002ab   Thumb Code     0  startup_stm32f446xx.o(.text)
    UART5_IRQHandler                         0x080002ab   Thumb Code     0  startup_stm32f446xx.o(.text)
    USART1_IRQHandler                        0x080002ab   Thumb Code     0  startup_stm32f446xx.o(.text)
    USART2_IRQHandler                        0x080002ab   Thumb Code     0  startup_stm32f446xx.o(.text)
    USART3_IRQHandler                        0x080002ab   Thumb Code     0  startup_stm32f446xx.o(.text)
    USART6_IRQHandler                        0x080002ab   Thumb Code     0  startup_stm32f446xx.o(.text)
    WWDG_IRQHandler                          0x080002ab   Thumb Code     0  startup_stm32f446xx.o(.text)
    __user_initial_stackheap                 0x080002ad   Thumb Code     0  startup_stm32f446xx.o(.text)
    __aeabi_uldivmod                         0x080002d1   Thumb Code     0  lludivv7m.o(.text)
    _ll_udiv                                 0x080002d1   Thumb Code   240  lludivv7m.o(.text)
    __aeabi_memclr4                          0x080003c1   Thumb Code     0  rt_memclr_w.o(.text)
    __aeabi_memclr8                          0x080003c1   Thumb Code     0  rt_memclr_w.o(.text)
    __rt_memclr_w                            0x080003c1   Thumb Code     0  rt_memclr_w.o(.text)
    _memset_w                                0x080003c5   Thumb Code    74  rt_memclr_w.o(.text)
    __use_two_region_memory                  0x0800040f   Thumb Code     2  heapauxi.o(.text)
    __rt_heap_escrow$2region                 0x08000411   Thumb Code     2  heapauxi.o(.text)
    __rt_heap_expand$2region                 0x08000413   Thumb Code     2  heapauxi.o(.text)
    __read_errno                             0x08000415   Thumb Code    10  _rserrno.o(.text)
    __set_errno                              0x0800041f   Thumb Code    12  _rserrno.o(.text)
    __aeabi_errno_addr                       0x0800042d   Thumb Code     8  rt_errno_addr_intlibspace.o(.text)
    __errno$intlibspace                      0x0800042d   Thumb Code     0  rt_errno_addr_intlibspace.o(.text)
    __rt_errno_addr$intlibspace              0x0800042d   Thumb Code     0  rt_errno_addr_intlibspace.o(.text)
    __user_libspace                          0x08000435   Thumb Code     8  libspace.o(.text)
    __user_perproc_libspace                  0x08000435   Thumb Code     0  libspace.o(.text)
    __user_perthread_libspace                0x08000435   Thumb Code     0  libspace.o(.text)
    __user_setup_stackheap                   0x0800043d   Thumb Code    74  sys_stackheap_outer.o(.text)
    exit                                     0x08000487   Thumb Code    18  exit.o(.text)
    _sys_exit                                0x08000499   Thumb Code     8  sys_exit.o(.text)
    __I$use$semihosting                      0x080004a5   Thumb Code     0  use_no_semi.o(.text)
    __use_no_semihosting_swi                 0x080004a5   Thumb Code     2  use_no_semi.o(.text)
    __semihosting_library_function           0x080004a7   Thumb Code     0  indicate_semi.o(.text)
    BusFault_Handler                         0x080004a9   Thumb Code     2  stm32f4xx_it.o(.text.BusFault_Handler)
    CAN1_RX0_IRQHandler                      0x080004ad   Thumb Code    12  stm32f4xx_it.o(.text.CAN1_RX0_IRQHandler)
    CAN1_RX1_IRQHandler                      0x080004b9   Thumb Code    12  stm32f4xx_it.o(.text.CAN1_RX1_IRQHandler)
    CAN2_RX0_IRQHandler                      0x080004c5   Thumb Code    12  stm32f4xx_it.o(.text.CAN2_RX0_IRQHandler)
    CAN2_RX1_IRQHandler                      0x080004d1   Thumb Code    12  stm32f4xx_it.o(.text.CAN2_RX1_IRQHandler)
    DebugMon_Handler                         0x080004dd   Thumb Code     2  stm32f4xx_it.o(.text.DebugMon_Handler)
    HAL_CAN_ActivateNotification             0x080004e1   Thumb Code    46  stm32f4xx_hal_can.o(.text.HAL_CAN_ActivateNotification)
    HAL_CAN_AddTxMessage                     0x08000511   Thumb Code   164  stm32f4xx_hal_can.o(.text.HAL_CAN_AddTxMessage)
    HAL_CAN_ConfigFilter                     0x080005b5   Thumb Code   222  stm32f4xx_hal_can.o(.text.HAL_CAN_ConfigFilter)
    HAL_CAN_ErrorCallback                    0x08000695   Thumb Code     2  stm32f4xx_hal_can.o(.text.HAL_CAN_ErrorCallback)
    HAL_CAN_GetRxMessage                     0x08000699   Thumb Code   302  stm32f4xx_hal_can.o(.text.HAL_CAN_GetRxMessage)
    HAL_CAN_IRQHandler                       0x080007c9   Thumb Code   606  stm32f4xx_hal_can.o(.text.HAL_CAN_IRQHandler)
    HAL_CAN_Init                             0x08000a29   Thumb Code   244  stm32f4xx_hal_can.o(.text.HAL_CAN_Init)
    HAL_CAN_MspInit                          0x08000b1d   Thumb Code   308  stm32f4xx_hal_msp.o(.text.HAL_CAN_MspInit)
    HAL_CAN_RxFifo0FullCallback              0x08000c51   Thumb Code     2  stm32f4xx_hal_can.o(.text.HAL_CAN_RxFifo0FullCallback)
    HAL_CAN_RxFifo0MsgPendingCallback        0x08000c59   Thumb Code   504  main.o(.text.HAL_CAN_RxFifo0MsgPendingCallback)
    HAL_CAN_RxFifo1FullCallback              0x08000e69   Thumb Code     2  stm32f4xx_hal_can.o(.text.HAL_CAN_RxFifo1FullCallback)
    HAL_CAN_RxFifo1MsgPendingCallback        0x08000e6d   Thumb Code     2  stm32f4xx_hal_can.o(.text.HAL_CAN_RxFifo1MsgPendingCallback)
    HAL_CAN_SleepCallback                    0x08000e71   Thumb Code     2  stm32f4xx_hal_can.o(.text.HAL_CAN_SleepCallback)
    HAL_CAN_Start                            0x08000e75   Thumb Code    90  stm32f4xx_hal_can.o(.text.HAL_CAN_Start)
    HAL_CAN_TxMailbox0AbortCallback          0x08000ed1   Thumb Code     2  stm32f4xx_hal_can.o(.text.HAL_CAN_TxMailbox0AbortCallback)
    HAL_CAN_TxMailbox0CompleteCallback       0x08000ed5   Thumb Code     2  stm32f4xx_hal_can.o(.text.HAL_CAN_TxMailbox0CompleteCallback)
    HAL_CAN_TxMailbox1AbortCallback          0x08000ed9   Thumb Code     2  stm32f4xx_hal_can.o(.text.HAL_CAN_TxMailbox1AbortCallback)
    HAL_CAN_TxMailbox1CompleteCallback       0x08000edd   Thumb Code     2  stm32f4xx_hal_can.o(.text.HAL_CAN_TxMailbox1CompleteCallback)
    HAL_CAN_TxMailbox2AbortCallback          0x08000ee1   Thumb Code     2  stm32f4xx_hal_can.o(.text.HAL_CAN_TxMailbox2AbortCallback)
    HAL_CAN_TxMailbox2CompleteCallback       0x08000ee5   Thumb Code     2  stm32f4xx_hal_can.o(.text.HAL_CAN_TxMailbox2CompleteCallback)
    HAL_CAN_WakeUpFromRxMsgCallback          0x08000ee9   Thumb Code     2  stm32f4xx_hal_can.o(.text.HAL_CAN_WakeUpFromRxMsgCallback)
    HAL_DMA_Abort                            0x08000eed   Thumb Code   142  stm32f4xx_hal_dma.o(.text.HAL_DMA_Abort)
    HAL_DMA_Abort_IT                         0x08000f7d   Thumb Code    36  stm32f4xx_hal_dma.o(.text.HAL_DMA_Abort_IT)
    HAL_Delay                                0x08000fa1   Thumb Code    40  stm32f4xx_hal.o(.text.HAL_Delay)
    HAL_GPIO_Init                            0x08000fc9   Thumb Code   414  stm32f4xx_hal_gpio.o(.text.HAL_GPIO_Init)
    HAL_GetTick                              0x08001169   Thumb Code    12  stm32f4xx_hal.o(.text.HAL_GetTick)
    HAL_I2C_Init                             0x08001175   Thumb Code   356  stm32f4xx_hal_i2c.o(.text.HAL_I2C_Init)
    HAL_I2C_MspInit                          0x080012d9   Thumb Code   180  stm32f4xx_hal_msp.o(.text.HAL_I2C_MspInit)
    HAL_IncTick                              0x0800138d   Thumb Code    26  stm32f4xx_hal.o(.text.HAL_IncTick)
    HAL_Init                                 0x080013a9   Thumb Code    54  stm32f4xx_hal.o(.text.HAL_Init)
    HAL_InitTick                             0x080013e1   Thumb Code    72  stm32f4xx_hal.o(.text.HAL_InitTick)
    HAL_MspInit                              0x08001429   Thumb Code    56  stm32f4xx_hal_msp.o(.text.HAL_MspInit)
    HAL_NVIC_EnableIRQ                       0x08001461   Thumb Code    34  stm32f4xx_hal_cortex.o(.text.HAL_NVIC_EnableIRQ)
    HAL_NVIC_SetPriority                     0x08001485   Thumb Code    86  stm32f4xx_hal_cortex.o(.text.HAL_NVIC_SetPriority)
    HAL_NVIC_SetPriorityGrouping             0x080014dd   Thumb Code    32  stm32f4xx_hal_cortex.o(.text.HAL_NVIC_SetPriorityGrouping)
    HAL_PWREx_EnableOverDrive                0x080014fd   Thumb Code   122  stm32f4xx_hal_pwr_ex.o(.text.HAL_PWREx_EnableOverDrive)
    HAL_RCC_ClockConfig                      0x08001579   Thumb Code   356  stm32f4xx_hal_rcc.o(.text.HAL_RCC_ClockConfig)
    HAL_RCC_GetPCLK1Freq                     0x080016dd   Thumb Code    38  stm32f4xx_hal_rcc.o(.text.HAL_RCC_GetPCLK1Freq)
    HAL_RCC_GetPCLK2Freq                     0x08001705   Thumb Code    38  stm32f4xx_hal_rcc.o(.text.HAL_RCC_GetPCLK2Freq)
    HAL_RCC_GetSysClockFreq                  0x0800172d   Thumb Code   162  stm32f4xx_hal_rcc_ex.o(.text.HAL_RCC_GetSysClockFreq)
    HAL_RCC_OscConfig                        0x080017d1   Thumb Code   988  stm32f4xx_hal_rcc_ex.o(.text.HAL_RCC_OscConfig)
    HAL_SYSTICK_Config                       0x08001bad   Thumb Code    44  stm32f4xx_hal_cortex.o(.text.HAL_SYSTICK_Config)
    HAL_UARTEx_RxEventCallback               0x08001bd9   Thumb Code     2  stm32f4xx_hal_uart.o(.text.HAL_UARTEx_RxEventCallback)
    HAL_UART_ErrorCallback                   0x08001bdd   Thumb Code     2  stm32f4xx_hal_uart.o(.text.HAL_UART_ErrorCallback)
    HAL_UART_IRQHandler                      0x08001be1   Thumb Code  1392  stm32f4xx_hal_uart.o(.text.HAL_UART_IRQHandler)
    HAL_UART_Init                            0x08002151   Thumb Code    96  stm32f4xx_hal_uart.o(.text.HAL_UART_Init)
    HAL_UART_MspInit                         0x080021b1   Thumb Code   130  stm32f4xx_hal_msp.o(.text.HAL_UART_MspInit)
    HAL_UART_Receive_IT                      0x08002235   Thumb Code    84  stm32f4xx_hal_uart.o(.text.HAL_UART_Receive_IT)
    HAL_UART_RxCpltCallback                  0x08002289   Thumb Code    26  main.o(.text.HAL_UART_RxCpltCallback)
    HAL_UART_TxCpltCallback                  0x080022a5   Thumb Code     2  stm32f4xx_hal_uart.o(.text.HAL_UART_TxCpltCallback)
    HardFault_Handler                        0x080022a9   Thumb Code     2  stm32f4xx_it.o(.text.HardFault_Handler)
    MemManage_Handler                        0x080022ad   Thumb Code     2  stm32f4xx_it.o(.text.MemManage_Handler)
    NMI_Handler                              0x080022b1   Thumb Code     2  stm32f4xx_it.o(.text.NMI_Handler)
    PendSV_Handler                           0x080022b5   Thumb Code     2  stm32f4xx_it.o(.text.PendSV_Handler)
    SVC_Handler                              0x080022b9   Thumb Code     2  stm32f4xx_it.o(.text.SVC_Handler)
    SysTick_Handler                          0x080022bd   Thumb Code     4  stm32f4xx_it.o(.text.SysTick_Handler)
    SystemClock_Config                       0x080022c1   Thumb Code   188  main.o(.text.SystemClock_Config)
    SystemInit                               0x0800237d   Thumb Code    18  system_stm32f4xx.o(.text.SystemInit)
    UART4_IRQHandler                         0x08002391   Thumb Code    12  stm32f4xx_it.o(.text.UART4_IRQHandler)
    UsageFault_Handler                       0x08002591   Thumb Code     2  stm32f4xx_it.o(.text.UsageFault_Handler)
    Wheels_Block                             0x08002599   Thumb Code   872  main.o(.text.Wheels_Block)
    main                                     0x08002911   Thumb Code  1290  main.o(.text.main)
    __ARM_fpclassify                         0x08002e1b   Thumb Code    48  fpclassify.o(i.__ARM_fpclassify)
    __hardfp_ldexp                           0x08002e51   Thumb Code   200  ldexp.o(i.__hardfp_ldexp)
    __hardfp_pow                             0x08002f21   Thumb Code  3088  pow.o(i.__hardfp_pow)
    __kernel_poly                            0x08003b81   Thumb Code   248  poly.o(i.__kernel_poly)
    __mathlib_dbl_divzero                    0x08003c79   Thumb Code    28  dunder.o(i.__mathlib_dbl_divzero)
    __mathlib_dbl_infnan2                    0x08003ca9   Thumb Code    20  dunder.o(i.__mathlib_dbl_infnan2)
    __mathlib_dbl_invalid                    0x08003cc1   Thumb Code    24  dunder.o(i.__mathlib_dbl_invalid)
    __mathlib_dbl_overflow                   0x08003ce1   Thumb Code    24  dunder.o(i.__mathlib_dbl_overflow)
    __mathlib_dbl_underflow                  0x08003d01   Thumb Code    24  dunder.o(i.__mathlib_dbl_underflow)
    fabs                                     0x08003d21   Thumb Code    24  fabs.o(i.fabs)
    sqrt                                     0x08003d39   Thumb Code   110  sqrt.o(i.sqrt)
    __aeabi_dneg                             0x08003da7   Thumb Code     0  basic.o(x$fpl$basic)
    _dneg                                    0x08003da7   Thumb Code     6  basic.o(x$fpl$basic)
    __aeabi_fneg                             0x08003dad   Thumb Code     0  basic.o(x$fpl$basic)
    _fneg                                    0x08003dad   Thumb Code     6  basic.o(x$fpl$basic)
    _dabs                                    0x08003db3   Thumb Code     6  basic.o(x$fpl$basic)
    _fabs                                    0x08003db9   Thumb Code     6  basic.o(x$fpl$basic)
    __aeabi_d2f                              0x08003dc1   Thumb Code     0  d2f.o(x$fpl$d2f)
    _d2f                                     0x08003dc1   Thumb Code    98  d2f.o(x$fpl$d2f)
    __aeabi_dadd                             0x08003e25   Thumb Code     0  daddsub_clz.o(x$fpl$dadd)
    _dadd                                    0x08003e25   Thumb Code   332  daddsub_clz.o(x$fpl$dadd)
    __fpl_dcheck_NaN1                        0x08003f75   Thumb Code    10  dcheck1.o(x$fpl$dcheck1)
    __fpl_dcmp_Inf                           0x08003f85   Thumb Code    24  dcmpi.o(x$fpl$dcmpinf)
    __aeabi_ddiv                             0x08003f9d   Thumb Code     0  ddiv.o(x$fpl$ddiv)
    _ddiv                                    0x08003f9d   Thumb Code   560  ddiv.o(x$fpl$ddiv)
    __aeabi_cdcmpeq                          0x08004255   Thumb Code     0  deqf.o(x$fpl$deqf)
    _dcmpeq                                  0x08004255   Thumb Code   120  deqf.o(x$fpl$deqf)
    __aeabi_i2d                              0x080042cd   Thumb Code     0  dflt_clz.o(x$fpl$dflt)
    _dflt                                    0x080042cd   Thumb Code    46  dflt_clz.o(x$fpl$dflt)
    __aeabi_ui2d                             0x080042fb   Thumb Code     0  dflt_clz.o(x$fpl$dfltu)
    _dfltu                                   0x080042fb   Thumb Code    38  dflt_clz.o(x$fpl$dfltu)
    __aeabi_cdcmple                          0x08004321   Thumb Code     0  dleqf.o(x$fpl$dleqf)
    _dcmple                                  0x08004321   Thumb Code   120  dleqf.o(x$fpl$dleqf)
    __fpl_dcmple_InfNaN                      0x08004383   Thumb Code     0  dleqf.o(x$fpl$dleqf)
    __aeabi_dmul                             0x08004399   Thumb Code     0  dmul.o(x$fpl$dmul)
    _dmul                                    0x08004399   Thumb Code   332  dmul.o(x$fpl$dmul)
    __fpl_dnaninf                            0x080044ed   Thumb Code   156  dnaninf.o(x$fpl$dnaninf)
    __fpl_dretinf                            0x08004589   Thumb Code    12  dretinf.o(x$fpl$dretinf)
    __aeabi_cdrcmple                         0x08004595   Thumb Code     0  drleqf.o(x$fpl$drleqf)
    _drcmple                                 0x08004595   Thumb Code   108  drleqf.o(x$fpl$drleqf)
    __aeabi_drsub                            0x08004601   Thumb Code     0  daddsub_clz.o(x$fpl$drsb)
    _drsb                                    0x08004601   Thumb Code    22  daddsub_clz.o(x$fpl$drsb)
    _dsqrt                                   0x08004619   Thumb Code   404  dsqrt_umaal.o(x$fpl$dsqrt)
    __aeabi_dsub                             0x080047b1   Thumb Code     0  daddsub_clz.o(x$fpl$dsub)
    _dsub                                    0x080047b1   Thumb Code   472  daddsub_clz.o(x$fpl$dsub)
    _fp_init                                 0x0800498d   Thumb Code    26  fpinit.o(x$fpl$fpinit)
    __fplib_config_fpu_vfp                   0x080049a5   Thumb Code     0  fpinit.o(x$fpl$fpinit)
    __fplib_config_pureend_doubles           0x080049a5   Thumb Code     0  fpinit.o(x$fpl$fpinit)
    __fpl_fretinf                            0x080049a7   Thumb Code    10  fretinf.o(x$fpl$fretinf)
    __fpl_return_NaN                         0x080049b1   Thumb Code   100  retnan.o(x$fpl$retnan)
    __ARM_scalbn                             0x08004a15   Thumb Code    92  scalbn.o(x$fpl$scalbn)
    __fpl_cmpreturn                          0x08004a71   Thumb Code    48  trapv.o(x$fpl$trapveneer)
    __I$use$fp                               0x08004aa0   Number         0  usenofp.o(x$fpl$usenofp)
    __mathlib_zero                           0x08004b28   Data           8  qnan.o(.constdata)
    AHBPrescTable                            0x08004b30   Data          16  system_stm32f4xx.o(.rodata.AHBPrescTable)
    APBPrescTable                            0x08004b40   Data           8  system_stm32f4xx.o(.rodata.APBPrescTable)
    Region$$Table$$Base                      0x08004b48   Number         0  anon$$obj.o(Region$$Table)
    Region$$Table$$Limit                     0x08004b68   Number         0  anon$$obj.o(Region$$Table)
    uwTickFreq                               0x20000000   Data           1  stm32f4xx_hal.o(.data..L_MergedGlobals)
    uwTickPrio                               0x20000004   Data           4  stm32f4xx_hal.o(.data..L_MergedGlobals)
    SystemCoreClock                          0x20000008   Data           4  system_stm32f4xx.o(.data.SystemCoreClock)
    close_loop                               0x2000000c   Data           4  main.o(.data.close_loop)
    __libspace_start                         0x20000010   Data          96  libspace.o(.bss)
    Sheering                                 0x20000070   Data           1  main.o(.bss..L_MergedGlobals.1)
    __temporary_stack_top$libspace           0x20000070   Data           0  libspace.o(.bss)
    Received_Command_Id                      0x20000071   Data           1  main.o(.bss..L_MergedGlobals.1)
    Received_Node_Id                         0x20000072   Data           1  main.o(.bss..L_MergedGlobals.1)
    Test_temp                                0x20000073   Data           1  main.o(.bss..L_MergedGlobals.1)
    Mode                                     0x20000074   Data           1  main.o(.bss..L_MergedGlobals.1)
    Speed                                    0x20000075   Data           1  main.o(.bss..L_MergedGlobals.1)
    Steer_mode                               0x20000076   Data           1  main.o(.bss..L_MergedGlobals.1)
    Steer_Angle                              0x20000077   Data           1  main.o(.bss..L_MergedGlobals.1)
    Joystick                                 0x20000078   Data           1  main.o(.bss..L_MergedGlobals.1)
    Drive_Node_id                            0x2000007a   Data           2  main.o(.bss..L_MergedGlobals.1)
    Gimbal_id_temp                           0x2000007c   Data           2  main.o(.bss..L_MergedGlobals.1)
    Wheel_Id_temp                            0x2000007e   Data           2  main.o(.bss..L_MergedGlobals.1)
    D_Roll                                   0x20000080   Data           4  main.o(.bss..L_MergedGlobals.1)
    Err_Pitch                                0x20000084   Data           4  main.o(.bss..L_MergedGlobals.1)
    Err_Slope_Pitch                          0x20000088   Data           4  main.o(.bss..L_MergedGlobals.1)
    Err_Area_Pitch                           0x2000008c   Data           4  main.o(.bss..L_MergedGlobals.1)
    D_Ki_Roll                                0x20000090   Data           4  main.o(.bss..L_MergedGlobals.1)
    D_Kd_Roll                                0x20000094   Data           4  main.o(.bss..L_MergedGlobals.1)
    Pitch_Speed                              0x20000098   Data           4  main.o(.bss..L_MergedGlobals.1)
    Pitch_Speed_PID                          0x2000009c   Data           4  main.o(.bss..L_MergedGlobals.1)
    Roll_Speed_D                             0x200000a0   Data           4  main.o(.bss..L_MergedGlobals.1)
    Pitch_Speed_D                            0x200000a4   Data           4  main.o(.bss..L_MergedGlobals.1)
    Error_Change_Pitch_PID                   0x200000a8   Data           4  main.o(.bss..L_MergedGlobals.1)
    Prev_Error_Roll                          0x200000ac   Data           4  main.o(.bss..L_MergedGlobals.1)
    Prev_Error_Pitch                         0x200000b0   Data           4  main.o(.bss..L_MergedGlobals.1)
    Skid_Factor                              0x200000b4   Data           4  main.o(.bss..L_MergedGlobals.1)
    skid_speed                               0x200000b8   Data           4  main.o(.bss..L_MergedGlobals.1)
    Steer_Angle_temp                         0x200000bc   Data           4  main.o(.bss..L_MergedGlobals.1)
    actual_speed                             0x200000c0   Data           4  main.o(.bss..L_MergedGlobals.1)
    D_Pitch                                  0x200000c4   Data           4  main.o(.bss..L_MergedGlobals.1)
    D_Yaw                                    0x200000c8   Data           4  main.o(.bss..L_MergedGlobals.1)
    TxMailBox                                0x200000cc   Data           4  main.o(.bss..L_MergedGlobals.1)
    Err_Roll                                 0x200000d0   Data           4  main.o(.bss..L_MergedGlobals.1)
    Roll_Speed                               0x200000d4   Data           4  main.o(.bss..L_MergedGlobals.1)
    Err_Slope_Roll                           0x200000d8   Data           4  main.o(.bss..L_MergedGlobals.1)
    Err_Area_Roll                            0x200000dc   Data           4  main.o(.bss..L_MergedGlobals.1)
    Roll_Speed_P                             0x200000e0   Data           4  main.o(.bss..L_MergedGlobals.1)
    Roll_Speed_I                             0x200000e4   Data           4  main.o(.bss..L_MergedGlobals.1)
    Roll_Speed_PID                           0x200000e8   Data           4  main.o(.bss..L_MergedGlobals.1)
    Pitch_Speed_P                            0x200000ec   Data           4  main.o(.bss..L_MergedGlobals.2)
    Pitch_Speed_I                            0x200000f0   Data           4  main.o(.bss..L_MergedGlobals.2)
    Bt_Data                                  0x200000f4   Data           8  main.o(.bss..L_MergedGlobals.2)
    RxData                                   0x200000fc   Data           8  main.o(.bss..L_MergedGlobals.2)
    TxData                                   0x20000104   Data           8  main.o(.bss..L_MergedGlobals.2)
    Velocity                                 0x2000010c   Data          16  main.o(.bss..L_MergedGlobals.2)
    TxHeader                                 0x2000011c   Data          24  main.o(.bss..L_MergedGlobals.2)
    RxHeader                                 0x20000134   Data          28  main.o(.bss..L_MergedGlobals.2)
    Node_Id                                  0x20000150   Data          40  main.o(.bss..L_MergedGlobals.3)
    hcan1                                    0x20000178   Data          40  main.o(.bss..L_MergedGlobals.3)
    hcan2                                    0x200001a0   Data          40  main.o(.bss..L_MergedGlobals.3)
    hi2c3                                    0x200001cc   Data          84  main.o(.bss.hi2c3)
    huart4                                   0x20000220   Data          72  main.o(.bss.huart4)
    uwTick                                   0x20000268   Data           4  stm32f4xx_hal.o(.bss.uwTick)



==============================================================================

Memory Map of the image

  Image Entry point : 0x080001c5

  Load Region LR_IROM1 (Base: 0x08000000, Size: 0x00004b78, Max: 0x00080000, ABSOLUTE)

    Execution Region ER_IROM1 (Exec base: 0x08000000, Load base: 0x08000000, Size: 0x00004b68, Max: 0x00080000, ABSOLUTE)

    Exec Addr    Load Addr    Size         Type   Attr      Idx    E Section Name        Object

    0x08000000   0x08000000   0x000001c4   Data   RO            3    RESET               startup_stm32f446xx.o
    0x080001c4   0x080001c4   0x00000008   Code   RO          930  * !!!main             c_w.l(__main.o)
    0x080001cc   0x080001cc   0x0000005c   Code   RO         1213    !!!scatter          c_w.l(__scatter.o)
    0x08000228   0x08000228   0x0000001a   Code   RO         1217    !!handler_copy      c_w.l(__scatter_copy.o)
    0x08000242   0x08000242   0x00000002   PAD
    0x08000244   0x08000244   0x00000002   Code   RO         1214    !!handler_null      c_w.l(__scatter.o)
    0x08000246   0x08000246   0x00000002   PAD
    0x08000248   0x08000248   0x0000001c   Code   RO         1219    !!handler_zi        c_w.l(__scatter_zi.o)
    0x08000264   0x08000264   0x00000002   Code   RO         1074    .ARM.Collect$$libinit$$00000000  c_w.l(libinit.o)
    0x08000266   0x08000266   0x00000004   Code   RO         1085    .ARM.Collect$$libinit$$00000001  c_w.l(libinit2.o)
    0x0800026a   0x0800026a   0x00000000   Code   RO         1088    .ARM.Collect$$libinit$$00000004  c_w.l(libinit2.o)
    0x0800026a   0x0800026a   0x00000000   Code   RO         1090    .ARM.Collect$$libinit$$00000006  c_w.l(libinit2.o)
    0x0800026a   0x0800026a   0x00000000   Code   RO         1093    .ARM.Collect$$libinit$$0000000C  c_w.l(libinit2.o)
    0x0800026a   0x0800026a   0x00000000   Code   RO         1095    .ARM.Collect$$libinit$$0000000E  c_w.l(libinit2.o)
    0x0800026a   0x0800026a   0x00000000   Code   RO         1097    .ARM.Collect$$libinit$$00000010  c_w.l(libinit2.o)
    0x0800026a   0x0800026a   0x00000000   Code   RO         1100    .ARM.Collect$$libinit$$00000013  c_w.l(libinit2.o)
    0x0800026a   0x0800026a   0x00000000   Code   RO         1102    .ARM.Collect$$libinit$$00000015  c_w.l(libinit2.o)
    0x0800026a   0x0800026a   0x00000000   Code   RO         1104    .ARM.Collect$$libinit$$00000017  c_w.l(libinit2.o)
    0x0800026a   0x0800026a   0x00000000   Code   RO         1106    .ARM.Collect$$libinit$$00000019  c_w.l(libinit2.o)
    0x0800026a   0x0800026a   0x00000000   Code   RO         1108    .ARM.Collect$$libinit$$0000001B  c_w.l(libinit2.o)
    0x0800026a   0x0800026a   0x00000000   Code   RO         1110    .ARM.Collect$$libinit$$0000001D  c_w.l(libinit2.o)
    0x0800026a   0x0800026a   0x00000000   Code   RO         1112    .ARM.Collect$$libinit$$0000001F  c_w.l(libinit2.o)
    0x0800026a   0x0800026a   0x00000000   Code   RO         1114    .ARM.Collect$$libinit$$00000021  c_w.l(libinit2.o)
    0x0800026a   0x0800026a   0x00000000   Code   RO         1116    .ARM.Collect$$libinit$$00000023  c_w.l(libinit2.o)
    0x0800026a   0x0800026a   0x00000000   Code   RO         1118    .ARM.Collect$$libinit$$00000025  c_w.l(libinit2.o)
    0x0800026a   0x0800026a   0x00000000   Code   RO         1120    .ARM.Collect$$libinit$$00000027  c_w.l(libinit2.o)
    0x0800026a   0x0800026a   0x00000000   Code   RO         1124    .ARM.Collect$$libinit$$0000002E  c_w.l(libinit2.o)
    0x0800026a   0x0800026a   0x00000000   Code   RO         1126    .ARM.Collect$$libinit$$00000030  c_w.l(libinit2.o)
    0x0800026a   0x0800026a   0x00000000   Code   RO         1128    .ARM.Collect$$libinit$$00000032  c_w.l(libinit2.o)
    0x0800026a   0x0800026a   0x00000000   Code   RO         1130    .ARM.Collect$$libinit$$00000034  c_w.l(libinit2.o)
    0x0800026a   0x0800026a   0x00000002   Code   RO         1131    .ARM.Collect$$libinit$$00000035  c_w.l(libinit2.o)
    0x0800026c   0x0800026c   0x00000002   Code   RO         1168    .ARM.Collect$$libshutdown$$00000000  c_w.l(libshutdown.o)
    0x0800026e   0x0800026e   0x00000000   Code   RO         1196    .ARM.Collect$$libshutdown$$00000002  c_w.l(libshutdown2.o)
    0x0800026e   0x0800026e   0x00000000   Code   RO         1198    .ARM.Collect$$libshutdown$$00000004  c_w.l(libshutdown2.o)
    0x0800026e   0x0800026e   0x00000000   Code   RO         1201    .ARM.Collect$$libshutdown$$00000007  c_w.l(libshutdown2.o)
    0x0800026e   0x0800026e   0x00000000   Code   RO         1204    .ARM.Collect$$libshutdown$$0000000A  c_w.l(libshutdown2.o)
    0x0800026e   0x0800026e   0x00000000   Code   RO         1206    .ARM.Collect$$libshutdown$$0000000C  c_w.l(libshutdown2.o)
    0x0800026e   0x0800026e   0x00000000   Code   RO         1209    .ARM.Collect$$libshutdown$$0000000F  c_w.l(libshutdown2.o)
    0x0800026e   0x0800026e   0x00000002   Code   RO         1210    .ARM.Collect$$libshutdown$$00000010  c_w.l(libshutdown2.o)
    0x08000270   0x08000270   0x00000000   Code   RO          971    .ARM.Collect$$rtentry$$00000000  c_w.l(__rtentry.o)
    0x08000270   0x08000270   0x00000000   Code   RO         1031    .ARM.Collect$$rtentry$$00000002  c_w.l(__rtentry2.o)
    0x08000270   0x08000270   0x00000006   Code   RO         1043    .ARM.Collect$$rtentry$$00000004  c_w.l(__rtentry4.o)
    0x08000276   0x08000276   0x00000000   Code   RO         1033    .ARM.Collect$$rtentry$$00000009  c_w.l(__rtentry2.o)
    0x08000276   0x08000276   0x00000004   Code   RO         1034    .ARM.Collect$$rtentry$$0000000A  c_w.l(__rtentry2.o)
    0x0800027a   0x0800027a   0x00000000   Code   RO         1036    .ARM.Collect$$rtentry$$0000000C  c_w.l(__rtentry2.o)
    0x0800027a   0x0800027a   0x00000008   Code   RO         1037    .ARM.Collect$$rtentry$$0000000D  c_w.l(__rtentry2.o)
    0x08000282   0x08000282   0x00000002   Code   RO         1077    .ARM.Collect$$rtexit$$00000000  c_w.l(rtexit.o)
    0x08000284   0x08000284   0x00000000   Code   RO         1139    .ARM.Collect$$rtexit$$00000002  c_w.l(rtexit2.o)
    0x08000284   0x08000284   0x00000004   Code   RO         1140    .ARM.Collect$$rtexit$$00000003  c_w.l(rtexit2.o)
    0x08000288   0x08000288   0x00000006   Code   RO         1141    .ARM.Collect$$rtexit$$00000004  c_w.l(rtexit2.o)
    0x0800028e   0x0800028e   0x00000002   PAD
    0x08000290   0x08000290   0x00000040   Code   RO            4    .text               startup_stm32f446xx.o
    0x080002d0   0x080002d0   0x000000f0   Code   RO          924    .text               c_w.l(lludivv7m.o)
    0x080003c0   0x080003c0   0x0000004e   Code   RO          926    .text               c_w.l(rt_memclr_w.o)
    0x0800040e   0x0800040e   0x00000006   Code   RO          928    .text               c_w.l(heapauxi.o)
    0x08000414   0x08000414   0x00000016   Code   RO          976    .text               c_w.l(_rserrno.o)
    0x0800042a   0x0800042a   0x00000002   PAD
    0x0800042c   0x0800042c   0x00000008   Code   RO         1050    .text               c_w.l(rt_errno_addr_intlibspace.o)
    0x08000434   0x08000434   0x00000008   Code   RO         1058    .text               c_w.l(libspace.o)
    0x0800043c   0x0800043c   0x0000004a   Code   RO         1061    .text               c_w.l(sys_stackheap_outer.o)
    0x08000486   0x08000486   0x00000012   Code   RO         1063    .text               c_w.l(exit.o)
    0x08000498   0x08000498   0x0000000c   Code   RO         1134    .text               c_w.l(sys_exit.o)
    0x080004a4   0x080004a4   0x00000002   Code   RO         1157    .text               c_w.l(use_no_semi.o)
    0x080004a6   0x080004a6   0x00000000   Code   RO         1159    .text               c_w.l(indicate_semi.o)
    0x080004a6   0x080004a6   0x00000002   PAD
    0x080004a8   0x080004a8   0x00000002   Code   RO           77    .text.BusFault_Handler  stm32f4xx_it.o
    0x080004aa   0x080004aa   0x00000002   PAD
    0x080004ac   0x080004ac   0x0000000c   Code   RO           89    .text.CAN1_RX0_IRQHandler  stm32f4xx_it.o
    0x080004b8   0x080004b8   0x0000000c   Code   RO           91    .text.CAN1_RX1_IRQHandler  stm32f4xx_it.o
    0x080004c4   0x080004c4   0x0000000c   Code   RO           95    .text.CAN2_RX0_IRQHandler  stm32f4xx_it.o
    0x080004d0   0x080004d0   0x0000000c   Code   RO           97    .text.CAN2_RX1_IRQHandler  stm32f4xx_it.o
    0x080004dc   0x080004dc   0x00000002   Code   RO           83    .text.DebugMon_Handler  stm32f4xx_it.o
    0x080004de   0x080004de   0x00000002   PAD
    0x080004e0   0x080004e0   0x0000002e   Code   RO          163    .text.HAL_CAN_ActivateNotification  stm32f4xx_hal_can.o
    0x0800050e   0x0800050e   0x00000002   PAD
    0x08000510   0x08000510   0x000000a4   Code   RO          149    .text.HAL_CAN_AddTxMessage  stm32f4xx_hal_can.o
    0x080005b4   0x080005b4   0x000000de   Code   RO          139    .text.HAL_CAN_ConfigFilter  stm32f4xx_hal_can.o
    0x08000692   0x08000692   0x00000002   PAD
    0x08000694   0x08000694   0x00000002   Code   RO          193    .text.HAL_CAN_ErrorCallback  stm32f4xx_hal_can.o
    0x08000696   0x08000696   0x00000002   PAD
    0x08000698   0x08000698   0x0000012e   Code   RO          159    .text.HAL_CAN_GetRxMessage  stm32f4xx_hal_can.o
    0x080007c6   0x080007c6   0x00000002   PAD
    0x080007c8   0x080007c8   0x0000025e   Code   RO          167    .text.HAL_CAN_IRQHandler  stm32f4xx_hal_can.o
    0x08000a26   0x08000a26   0x00000002   PAD
    0x08000a28   0x08000a28   0x000000f4   Code   RO          129    .text.HAL_CAN_Init  stm32f4xx_hal_can.o
    0x08000b1c   0x08000b1c   0x00000134   Code   RO          108    .text.HAL_CAN_MspInit  stm32f4xx_hal_msp.o
    0x08000c50   0x08000c50   0x00000002   Code   RO          181    .text.HAL_CAN_RxFifo0FullCallback  stm32f4xx_hal_can.o
    0x08000c52   0x08000c52   0x00000006   PAD
    0x08000c58   0x08000c58   0x00000210   Code   RO           15    .text.HAL_CAN_RxFifo0MsgPendingCallback  main.o
    0x08000e68   0x08000e68   0x00000002   Code   RO          185    .text.HAL_CAN_RxFifo1FullCallback  stm32f4xx_hal_can.o
    0x08000e6a   0x08000e6a   0x00000002   PAD
    0x08000e6c   0x08000e6c   0x00000002   Code   RO          187    .text.HAL_CAN_RxFifo1MsgPendingCallback  stm32f4xx_hal_can.o
    0x08000e6e   0x08000e6e   0x00000002   PAD
    0x08000e70   0x08000e70   0x00000002   Code   RO          189    .text.HAL_CAN_SleepCallback  stm32f4xx_hal_can.o
    0x08000e72   0x08000e72   0x00000002   PAD
    0x08000e74   0x08000e74   0x0000005a   Code   RO          141    .text.HAL_CAN_Start  stm32f4xx_hal_can.o
    0x08000ece   0x08000ece   0x00000002   PAD
    0x08000ed0   0x08000ed0   0x00000002   Code   RO          171    .text.HAL_CAN_TxMailbox0AbortCallback  stm32f4xx_hal_can.o
    0x08000ed2   0x08000ed2   0x00000002   PAD
    0x08000ed4   0x08000ed4   0x00000002   Code   RO          169    .text.HAL_CAN_TxMailbox0CompleteCallback  stm32f4xx_hal_can.o
    0x08000ed6   0x08000ed6   0x00000002   PAD
    0x08000ed8   0x08000ed8   0x00000002   Code   RO          175    .text.HAL_CAN_TxMailbox1AbortCallback  stm32f4xx_hal_can.o
    0x08000eda   0x08000eda   0x00000002   PAD
    0x08000edc   0x08000edc   0x00000002   Code   RO          173    .text.HAL_CAN_TxMailbox1CompleteCallback  stm32f4xx_hal_can.o
    0x08000ede   0x08000ede   0x00000002   PAD
    0x08000ee0   0x08000ee0   0x00000002   Code   RO          179    .text.HAL_CAN_TxMailbox2AbortCallback  stm32f4xx_hal_can.o
    0x08000ee2   0x08000ee2   0x00000002   PAD
    0x08000ee4   0x08000ee4   0x00000002   Code   RO          177    .text.HAL_CAN_TxMailbox2CompleteCallback  stm32f4xx_hal_can.o
    0x08000ee6   0x08000ee6   0x00000002   PAD
    0x08000ee8   0x08000ee8   0x00000002   Code   RO          191    .text.HAL_CAN_WakeUpFromRxMsgCallback  stm32f4xx_hal_can.o
    0x08000eea   0x08000eea   0x00000002   PAD
    0x08000eec   0x08000eec   0x0000008e   Code   RO          399    .text.HAL_DMA_Abort  stm32f4xx_hal_dma.o
    0x08000f7a   0x08000f7a   0x00000002   PAD
    0x08000f7c   0x08000f7c   0x00000024   Code   RO          401    .text.HAL_DMA_Abort_IT  stm32f4xx_hal_dma.o
    0x08000fa0   0x08000fa0   0x00000028   Code   RO          564    .text.HAL_Delay     stm32f4xx_hal.o
    0x08000fc8   0x08000fc8   0x0000019e   Code   RO          353    .text.HAL_GPIO_Init  stm32f4xx_hal_gpio.o
    0x08001166   0x08001166   0x00000002   PAD
    0x08001168   0x08001168   0x0000000c   Code   RO          556    .text.HAL_GetTick   stm32f4xx_hal.o
    0x08001174   0x08001174   0x00000164   Code   RO          634    .text.HAL_I2C_Init  stm32f4xx_hal_i2c.o
    0x080012d8   0x080012d8   0x000000b4   Code   RO          112    .text.HAL_I2C_MspInit  stm32f4xx_hal_msp.o
    0x0800138c   0x0800138c   0x0000001a   Code   RO          554    .text.HAL_IncTick   stm32f4xx_hal.o
    0x080013a6   0x080013a6   0x00000002   PAD
    0x080013a8   0x080013a8   0x00000036   Code   RO          544    .text.HAL_Init      stm32f4xx_hal.o
    0x080013de   0x080013de   0x00000002   PAD
    0x080013e0   0x080013e0   0x00000048   Code   RO          546    .text.HAL_InitTick  stm32f4xx_hal.o
    0x08001428   0x08001428   0x00000038   Code   RO          106    .text.HAL_MspInit   stm32f4xx_hal_msp.o
    0x08001460   0x08001460   0x00000022   Code   RO          496    .text.HAL_NVIC_EnableIRQ  stm32f4xx_hal_cortex.o
    0x08001482   0x08001482   0x00000002   PAD
    0x08001484   0x08001484   0x00000056   Code   RO          494    .text.HAL_NVIC_SetPriority  stm32f4xx_hal_cortex.o
    0x080014da   0x080014da   0x00000002   PAD
    0x080014dc   0x080014dc   0x00000020   Code   RO          492    .text.HAL_NVIC_SetPriorityGrouping  stm32f4xx_hal_cortex.o
    0x080014fc   0x080014fc   0x0000007a   Code   RO          478    .text.HAL_PWREx_EnableOverDrive  stm32f4xx_hal_pwr_ex.o
    0x08001576   0x08001576   0x00000002   PAD
    0x08001578   0x08001578   0x00000164   Code   RO          213    .text.HAL_RCC_ClockConfig  stm32f4xx_hal_rcc.o
    0x080016dc   0x080016dc   0x00000026   Code   RO          225    .text.HAL_RCC_GetPCLK1Freq  stm32f4xx_hal_rcc.o
    0x08001702   0x08001702   0x00000002   PAD
    0x08001704   0x08001704   0x00000026   Code   RO          227    .text.HAL_RCC_GetPCLK2Freq  stm32f4xx_hal_rcc.o
    0x0800172a   0x0800172a   0x00000002   PAD
    0x0800172c   0x0800172c   0x000000a2   Code   RO          261    .text.HAL_RCC_GetSysClockFreq  stm32f4xx_hal_rcc_ex.o
    0x080017ce   0x080017ce   0x00000002   PAD
    0x080017d0   0x080017d0   0x000003dc   Code   RO          265    .text.HAL_RCC_OscConfig  stm32f4xx_hal_rcc_ex.o
    0x08001bac   0x08001bac   0x0000002c   Code   RO          504    .text.HAL_SYSTICK_Config  stm32f4xx_hal_cortex.o
    0x08001bd8   0x08001bd8   0x00000002   Code   RO          872    .text.HAL_UARTEx_RxEventCallback  stm32f4xx_hal_uart.o
    0x08001bda   0x08001bda   0x00000002   PAD
    0x08001bdc   0x08001bdc   0x00000002   Code   RO          870    .text.HAL_UART_ErrorCallback  stm32f4xx_hal_uart.o
    0x08001bde   0x08001bde   0x00000002   PAD
    0x08001be0   0x08001be0   0x00000570   Code   RO          864    .text.HAL_UART_IRQHandler  stm32f4xx_hal_uart.o
    0x08002150   0x08002150   0x00000060   Code   RO          786    .text.HAL_UART_Init  stm32f4xx_hal_uart.o
    0x080021b0   0x080021b0   0x00000082   Code   RO          116    .text.HAL_UART_MspInit  stm32f4xx_hal_msp.o
    0x08002232   0x08002232   0x00000002   PAD
    0x08002234   0x08002234   0x00000054   Code   RO          808    .text.HAL_UART_Receive_IT  stm32f4xx_hal_uart.o
    0x08002288   0x08002288   0x0000001a   Code   RO           17    .text.HAL_UART_RxCpltCallback  main.o
    0x080022a2   0x080022a2   0x00000002   PAD
    0x080022a4   0x080022a4   0x00000002   Code   RO          874    .text.HAL_UART_TxCpltCallback  stm32f4xx_hal_uart.o
    0x080022a6   0x080022a6   0x00000002   PAD
    0x080022a8   0x080022a8   0x00000002   Code   RO           73    .text.HardFault_Handler  stm32f4xx_it.o
    0x080022aa   0x080022aa   0x00000002   PAD
    0x080022ac   0x080022ac   0x00000002   Code   RO           75    .text.MemManage_Handler  stm32f4xx_it.o
    0x080022ae   0x080022ae   0x00000002   PAD
    0x080022b0   0x080022b0   0x00000002   Code   RO           71    .text.NMI_Handler   stm32f4xx_it.o
    0x080022b2   0x080022b2   0x00000002   PAD
    0x080022b4   0x080022b4   0x00000002   Code   RO           85    .text.PendSV_Handler  stm32f4xx_it.o
    0x080022b6   0x080022b6   0x00000002   PAD
    0x080022b8   0x080022b8   0x00000002   Code   RO           81    .text.SVC_Handler   stm32f4xx_it.o
    0x080022ba   0x080022ba   0x00000002   PAD
    0x080022bc   0x080022bc   0x00000004   Code   RO           87    .text.SysTick_Handler  stm32f4xx_it.o
    0x080022c0   0x080022c0   0x000000bc   Code   RO           41    .text.SystemClock_Config  main.o
    0x0800237c   0x0800237c   0x00000012   Code   RO          908    .text.SystemInit    system_stm32f4xx.o
    0x0800238e   0x0800238e   0x00000002   PAD
    0x08002390   0x08002390   0x0000000c   Code   RO           93    .text.UART4_IRQHandler  stm32f4xx_it.o
    0x0800239c   0x0800239c   0x0000000c   Code   RO          868    .text.UART_DMAAbortOnError  stm32f4xx_hal_uart.o
    0x080023a8   0x080023a8   0x000000fe   Code   RO          866    .text.UART_Receive_IT  stm32f4xx_hal_uart.o
    0x080024a6   0x080024a6   0x00000002   PAD
    0x080024a8   0x080024a8   0x000000e6   Code   RO          790    .text.UART_SetConfig  stm32f4xx_hal_uart.o
    0x0800258e   0x0800258e   0x00000002   PAD
    0x08002590   0x08002590   0x00000002   Code   RO           79    .text.UsageFault_Handler  stm32f4xx_it.o
    0x08002592   0x08002592   0x00000006   PAD
    0x08002598   0x08002598   0x00000378   Code   RO           27    .text.Wheels_Block  main.o
    0x08002910   0x08002910   0x0000050a   Code   RO           39    .text.main          main.o
    0x08002e1a   0x08002e1a   0x00000030   Code   RO         1019    i.__ARM_fpclassify  m_wm.l(fpclassify.o)
    0x08002e4a   0x08002e4a   0x00000006   PAD
    0x08002e50   0x08002e50   0x000000d0   Code   RO          956    i.__hardfp_ldexp    m_wm.l(ldexp.o)
    0x08002f20   0x08002f20   0x00000c60   Code   RO          964    i.__hardfp_pow      m_wm.l(pow.o)
    0x08003b80   0x08003b80   0x000000f8   Code   RO         1021    i.__kernel_poly     m_wm.l(poly.o)
    0x08003c78   0x08003c78   0x00000030   Code   RO          999    i.__mathlib_dbl_divzero  m_wm.l(dunder.o)
    0x08003ca8   0x08003ca8   0x00000014   Code   RO         1001    i.__mathlib_dbl_infnan2  m_wm.l(dunder.o)
    0x08003cbc   0x08003cbc   0x00000004   PAD
    0x08003cc0   0x08003cc0   0x00000020   Code   RO         1002    i.__mathlib_dbl_invalid  m_wm.l(dunder.o)
    0x08003ce0   0x08003ce0   0x00000020   Code   RO         1003    i.__mathlib_dbl_overflow  m_wm.l(dunder.o)
    0x08003d00   0x08003d00   0x00000020   Code   RO         1005    i.__mathlib_dbl_underflow  m_wm.l(dunder.o)
    0x08003d20   0x08003d20   0x00000018   Code   RO         1015    i.fabs              m_wm.l(fabs.o)
    0x08003d38   0x08003d38   0x0000006e   Code   RO         1026    i.sqrt              m_wm.l(sqrt.o)
    0x08003da6   0x08003da6   0x00000018   Code   RO          978    x$fpl$basic         fz_wm.l(basic.o)
    0x08003dbe   0x08003dbe   0x00000002   PAD
    0x08003dc0   0x08003dc0   0x00000062   Code   RO          932    x$fpl$d2f           fz_wm.l(d2f.o)
    0x08003e22   0x08003e22   0x00000002   PAD
    0x08003e24   0x08003e24   0x00000150   Code   RO          934    x$fpl$dadd          fz_wm.l(daddsub_clz.o)
    0x08003f74   0x08003f74   0x00000010   Code   RO         1052    x$fpl$dcheck1       fz_wm.l(dcheck1.o)
    0x08003f84   0x08003f84   0x00000018   Code   RO         1054    x$fpl$dcmpinf       fz_wm.l(dcmpi.o)
    0x08003f9c   0x08003f9c   0x000002b8   Code   RO          943    x$fpl$ddiv          fz_wm.l(ddiv.o)
    0x08004254   0x08004254   0x00000078   Code   RO          980    x$fpl$deqf          fz_wm.l(deqf.o)
    0x080042cc   0x080042cc   0x0000002e   Code   RO          947    x$fpl$dflt          fz_wm.l(dflt_clz.o)
    0x080042fa   0x080042fa   0x00000026   Code   RO          946    x$fpl$dfltu         fz_wm.l(dflt_clz.o)
    0x08004320   0x08004320   0x00000078   Code   RO          984    x$fpl$dleqf         fz_wm.l(dleqf.o)
    0x08004398   0x08004398   0x00000154   Code   RO          952    x$fpl$dmul          fz_wm.l(dmul.o)
    0x080044ec   0x080044ec   0x0000009c   Code   RO          986    x$fpl$dnaninf       fz_wm.l(dnaninf.o)
    0x08004588   0x08004588   0x0000000c   Code   RO          988    x$fpl$dretinf       fz_wm.l(dretinf.o)
    0x08004594   0x08004594   0x0000006c   Code   RO          990    x$fpl$drleqf        fz_wm.l(drleqf.o)
    0x08004600   0x08004600   0x00000016   Code   RO          935    x$fpl$drsb          fz_wm.l(daddsub_clz.o)
    0x08004616   0x08004616   0x00000002   PAD
    0x08004618   0x08004618   0x00000198   Code   RO         1056    x$fpl$dsqrt         fz_wm.l(dsqrt_umaal.o)
    0x080047b0   0x080047b0   0x000001dc   Code   RO          936    x$fpl$dsub          fz_wm.l(daddsub_clz.o)
    0x0800498c   0x0800498c   0x0000001a   Code   RO         1151    x$fpl$fpinit        fz_wm.l(fpinit.o)
    0x080049a6   0x080049a6   0x0000000a   Code   RO          994    x$fpl$fretinf       fz_wm.l(fretinf.o)
    0x080049b0   0x080049b0   0x00000064   Code   RO         1075    x$fpl$retnan        fz_wm.l(retnan.o)
    0x08004a14   0x08004a14   0x0000005c   Code   RO          996    x$fpl$scalbn        fz_wm.l(scalbn.o)
    0x08004a70   0x08004a70   0x00000030   Code   RO         1132    x$fpl$trapveneer    fz_wm.l(trapv.o)
    0x08004aa0   0x08004aa0   0x00000000   Code   RO          998    x$fpl$usenofp       fz_wm.l(usenofp.o)
    0x08004aa0   0x08004aa0   0x00000088   Data   RO          967    .constdata          m_wm.l(pow.o)
    0x08004b28   0x08004b28   0x00000008   Data   RO         1023    .constdata          m_wm.l(qnan.o)
    0x08004b30   0x08004b30   0x00000010   Data   RO          913    .rodata.AHBPrescTable  system_stm32f4xx.o
    0x08004b40   0x08004b40   0x00000008   Data   RO          914    .rodata.APBPrescTable  system_stm32f4xx.o
    0x08004b48   0x08004b48   0x00000020   Data   RO         1212    Region$$Table       anon$$obj.o


    Execution Region RW_IRAM1 (Exec base: 0x20000000, Load base: 0x08004b68, Size: 0x00000870, Max: 0x00020000, ABSOLUTE)

    Exec Addr    Load Addr    Size         Type   Attr      Idx    E Section Name        Object

    0x20000000   0x08004b68   0x00000008   Data   RW          599    .data..L_MergedGlobals  stm32f4xx_hal.o
    0x20000008   0x08004b70   0x00000004   Data   RW          912    .data.SystemCoreClock  system_stm32f4xx.o
    0x2000000c   0x08004b74   0x00000004   Data   RW           45    .data.close_loop    main.o
    0x20000010        -       0x00000060   Zero   RW         1059    .bss                c_w.l(libspace.o)
    0x20000070        -       0x0000007c   Zero   RW           60    .bss..L_MergedGlobals.1  main.o
    0x200000ec        -       0x00000064   Zero   RW           61    .bss..L_MergedGlobals.2  main.o
    0x20000150        -       0x00000078   Zero   RW           62    .bss..L_MergedGlobals.3  main.o
    0x200001c8        -       0x00000004   Zero   RW          120    .bss.HAL_RCC_CAN1_CLK_ENABLED  stm32f4xx_hal_msp.o
    0x200001cc        -       0x00000054   Zero   RW           52    .bss.hi2c3          main.o
    0x20000220        -       0x00000048   Zero   RW           51    .bss.huart4         main.o
    0x20000268        -       0x00000004   Zero   RW          598    .bss.uwTick         stm32f4xx_hal.o
    0x2000026c   0x08004b78   0x00000004   PAD
    0x20000270        -       0x00000200   Zero   RW            2    HEAP                startup_stm32f446xx.o
    0x20000470        -       0x00000400   Zero   RW            1    STACK               startup_stm32f446xx.o


==============================================================================

Image component sizes


      Code (inc. data)   RO Data    RW Data    ZI Data      Debug   Object Name

      2920         40          0          4        500      25106   main.o
        64         26        452          0       1536        848   startup_stm32f446xx.o
       204          0          0          8          4       7518   stm32f4xx_hal.o
      1698          6          0          0          0      13858   stm32f4xx_hal_can.o
       196          0          0          0          0      10846   stm32f4xx_hal_cortex.o
       178          0          0          0          0      10556   stm32f4xx_hal_dma.o
       414          0          0          0          0       5489   stm32f4xx_hal_gpio.o
       356          0          0          0          0      44447   stm32f4xx_hal_i2c.o
       674          0          0          0          4      11505   stm32f4xx_hal_msp.o
       122          0          0          0          0       4665   stm32f4xx_hal_pwr_ex.o
       432          0          0          0          0       7588   stm32f4xx_hal_rcc.o
      1150          4          0          0          0      11174   stm32f4xx_hal_rcc_ex.o
      2074          0          0          0          0      32166   stm32f4xx_hal_uart.o
        80          0          0          0          0       6123   stm32f4xx_it.o
        18          0         24          4          0       2760   system_stm32f4xx.o

    ----------------------------------------------------------------------
     10674         76        508         16       2048     194649   Object Totals
         0          0         32          0          0          0   (incl. Generated)
        94          0          0          0          4          0   (incl. Padding)

    ----------------------------------------------------------------------

      Code (inc. data)   RO Data    RW Data    ZI Data      Debug   Library Member Name

         8          0          0          0          0         68   __main.o
         0          0          0          0          0          0   __rtentry.o
        12          0          0          0          0          0   __rtentry2.o
         6          0          0          0          0          0   __rtentry4.o
        94          8          0          0          0          0   __scatter.o
        26          0          0          0          0          0   __scatter_copy.o
        28          0          0          0          0          0   __scatter_zi.o
        22          0          0          0          0        100   _rserrno.o
        18          0          0          0          0         80   exit.o
         6          0          0          0          0        152   heapauxi.o
         0          0          0          0          0          0   indicate_semi.o
         2          0          0          0          0          0   libinit.o
         6          0          0          0          0          0   libinit2.o
         2          0          0          0          0          0   libshutdown.o
         2          0          0          0          0          0   libshutdown2.o
         8          4          0          0         96         68   libspace.o
       240          0          0          0          0        100   lludivv7m.o
         8          4          0          0          0         68   rt_errno_addr_intlibspace.o
        78          0          0          0          0         80   rt_memclr_w.o
         2          0          0          0          0          0   rtexit.o
        10          0          0          0          0          0   rtexit2.o
        12          4          0          0          0         68   sys_exit.o
        74          0          0          0          0         80   sys_stackheap_outer.o
         2          0          0          0          0         68   use_no_semi.o
        24          0          0          0          0        164   basic.o
        98          4          0          0          0        140   d2f.o
       834         16          0          0          0        516   daddsub_clz.o
        16          4          0          0          0        116   dcheck1.o
        24          0          0          0          0        116   dcmpi.o
       696        140          0          0          0        264   ddiv.o
       120          4          0          0          0        140   deqf.o
        84          0          0          0          0        232   dflt_clz.o
       120          4          0          0          0        140   dleqf.o
       340         12          0          0          0        152   dmul.o
       156          4          0          0          0        140   dnaninf.o
        12          0          0          0          0        116   dretinf.o
       108          0          0          0          0        128   drleqf.o
       408         56          0          0          0        168   dsqrt_umaal.o
        26          0          0          0          0        116   fpinit.o
        10          0          0          0          0        116   fretinf.o
       100          0          0          0          0        116   retnan.o
        92          0          0          0          0        116   scalbn.o
        48          0          0          0          0        116   trapv.o
         0          0          0          0          0          0   usenofp.o
       164         44          0          0          0        620   dunder.o
        24          0          0          0          0        124   fabs.o
        48          0          0          0          0        124   fpclassify.o
       208          8          0          0          0        184   ldexp.o
       248          0          0          0          0        152   poly.o
      3168        296        136          0          0        352   pow.o
         0          0          8          0          0          0   qnan.o
       110          0          0          0          0        148   sqrt.o

    ----------------------------------------------------------------------
      7978        612        144          0         96       5748   Library Totals
        26          0          0          0          0          0   (incl. Padding)

    ----------------------------------------------------------------------

      Code (inc. data)   RO Data    RW Data    ZI Data      Debug   Library Name

       666         20          0          0         96        932   c_w.l
      3316        244          0          0          0       3112   fz_wm.l
      3970        348        144          0          0       1704   m_wm.l

    ----------------------------------------------------------------------
      7978        612        144          0         96       5748   Library Totals

    ----------------------------------------------------------------------

==============================================================================


      Code (inc. data)   RO Data    RW Data    ZI Data      Debug   

     18652        688        652         16       2144     196741   Grand Totals
     18652        688        652         16       2144     196741   ELF Image Totals
     18652        688        652         16          0          0   ROM Totals

==============================================================================

    Total RO  Size (Code + RO Data)                19304 (  18.85kB)
    Total RW  Size (RW Data + ZI Data)              2160 (   2.11kB)
    Total ROM Size (Code + RO Data + RW Data)      19320 (  18.87kB)

==============================================================================

